---
source: tests/integration_tests/e2e_tests.rs
expression: accounts
---
{
  "context": {
    "slot": 0
  },
  "value": {
    "items": [
      {
        "hash": "2veKUPKieajFG7yzPNGARHq7jYS1FiXcXG8P9Txhvhcn",
        "address": null,
        "data": null,
        "owner": "J6ULJViDpQTRntYTmfkpUZZ71KTVkZNJFSDcQhFCo5Ef",
        "lamports": 999998000,
        "tree": "smt1NamzXdq4AMqS2fS2F1i5KTYPZRhoHgWx38d8WsT",
        "leafIndex": 3,
        "seq": 4,
        "slotCreated": 0
      }
    ],
    "cursor": null
  }
}
