---
source: tests/integration_tests/e2e_tests.rs
expression: sorted_transactions
---
[
  {
    "signature": "1aVjBWEhnDYWirQWmGDJHAYF5xGatWBMGvSTvuneyDy23Lu4JmPKvgb6HWdEaKXunnWTiN2ivnFcSxwSrV2118T",
    "slot": 279620356,
    "blockTime": 1721924284,
    "error": null
  },
  {
    "signature": "1b782KBRgKoZzoAkSBTfXKSWzfXi1JtNdrZ9ksc2xxgbga6vekGLUwdeXypqTTWvga9JM5YSPLpEekTgpVJChuV",
    "slot": 279620356,
    "blockTime": 1721924284,
    "error": "Error processing Instruction 6: custom program error: 0x1771"
  },
  {
    "signature": "314h1KektA32VNxRJci9e3nBWkFPGTnfBJbMPManVx2vtoTQMxJsuMikysrv6fFn48t6vkLuziugrYc4giDMxGb",
    "slot": 279620356,
    "blockTime": 1721924284,
    "error": null
  },
  {
    "signature": "47sBTaP8dTibHLsu4y6ETsEECq3VbEK5NmVfE3uCZwMFmcFTELVQ1bVrrCHkqvFtMynhPGfWqu2ndnmBKppEUZj",
    "slot": 279620356,
    "blockTime": 1721924284,
    "error": null
  },
  {
    "signature": "4zs5AvxBUnEjiMDmpVEqY1i6urFqXUdyGFASoHj14YD475gfRh4R3XUH1b88DHLzxL27Qhft1WndPJdepLQrFpy",
    "slot": 279620356,
    "blockTime": 1721924284,
    "error": null
  },
  {
    "signature": "5ceDzfobnJx9ynocE5NiargK3YZFMzazFuz9BhhdLth4E7KSz487QSLmthSCGqCpt2NB64uKNiKbYgpSGr1rJhG",
    "slot": 279620356,
    "blockTime": 1721924284,
    "error": null
  },
  {
    "signature": "6FEvRP2Nq97TXGqQwxRMeT1seokVEnQ6WN5XNKERaifmRioJa8P1Vusatbti2MMLtF6ssDMq3tR7rW6wKhZ1rfF",
    "slot": 279620356,
    "blockTime": 1721924284,
    "error": null
  },
  {
    "signature": "6U1ctr3ffdv5JAKtDRNjwQwLEMhAocRJTAmC6jnzXgdERG98zJFhp4Ncee6PaQztGuzytxr9TY9mbebsvfRV3kb",
    "slot": 279620356,
    "blockTime": 1721924284,
    "error": "Error processing Instruction 3: custom program error: 0x1773"
  },
  {
    "signature": "AG9j3xWEcDxWPzPThrv74ta4H3tXngfn67UTUsyhBQH1z5DjwWxZ8sZJHqYzd6i14omoriCRVEEMCACVSCfdH3u",
    "slot": 279620356,
    "blockTime": 1721924284,
    "error": null
  },
  {
    "signature": "BrWjymhBGsCPUjsQDAVRxt4wQwisTLBh8BDfkKrg817mcYdAg7gUihAFEmduCBmE8a9v9X4NHEmd2Ss7jmQxSLf",
    "slot": 279620356,
    "blockTime": 1721924284,
    "error": "Error processing Instruction 2: custom program error: 0x1771"
  },
  {
    "signature": "KVabn8Bf3hDVXNfSjfwV8tyqbN3MEfaHZ8j7FtiHLGD13WTkAa8VdtR5uG23MhpQyqr2aNSTiKu7ZYFek7YEGT9",
    "slot": 279620356,
    "blockTime": 1721924284,
    "error": "Error processing Instruction 1: custom program error: 0x1773"
  },
  {
    "signature": "NnvBYJmN3699LiRbPHfBvu9sUGJdjscRHis25Gp7dGTAZg32aEbRYX1pHUP5fe8K3G4tNKcZZTW1eBJcB5rBj15",
    "slot": 279620356,
    "blockTime": 1721924284,
    "error": "Error processing Instruction 3: custom program error: 0x1e"
  },
  {
    "signature": "P2fjMPQty6n4eiBdUkJyFwBAqPchrRw5zvEQfXx4Q4R1x8YUnA2jahQ6wkLP5Nz5Gx1SqBiUJTynCVwncmwBRcA",
    "slot": 279620356,
    "blockTime": 1721924284,
    "error": null
  },
  {
    "signature": "QrbM4W98gvASjmrab7YJK7914apiCh7cSkdZiMVtVZfdDdmHFJy7W2nJ6VMpzHLjX8SFxdUUHGgWLYrAse4TdGm",
    "slot": 279620356,
    "blockTime": 1721924284,
    "error": null
  },
  {
    "signature": "RkhiwBnwWQeiDNn2yBh9zyCj3T4XxM5bNmH2WuARkoanZgzsAkcneTwMUKhJEBJPVMx6dEQMs5RVX6x84svLLRf",
    "slot": 279620356,
    "blockTime": 1721924284,
    "error": null
  },
  {
    "signature": "UhCrLhwdkPaXp5XWxt1U1GMKkUvyzbovvhbjhc3sUWMi5MyaKeB4TyzNEF8sSmkvaoKCD1qrHoEphQgTGUiCYN6",
    "slot": 279620356,
    "blockTime": 1721924284,
    "error": "Error processing Instruction 4: custom program error: 0x28"
  },
  {
    "signature": "VCjxk25YSAxnqF35VgFTzf3vbcmztVRgiThdNJus6xb44QGtPm52diNvdFaYnCxy4b1LRB1Q7eFhKqD6ZZH3LGa",
    "slot": 279620356,
    "blockTime": 1721924284,
    "error": null
  },
  {
    "signature": "aK1Qzt2BMnwTFM19WVgKFsnRhHK7sMRRyJorsXJxz4zMhDBuruensJt5vA9SDJeJF9bD5z9YMHThmoKjMMtdvUY",
    "slot": 279620356,
    "blockTime": 1721924284,
    "error": null
  },
  {
    "signature": "gf2DM6ZAsoeWYYDb1XmLmSSrn6EBGehJcdmoda97xz7qRrTQ4FriuzW4KMN2f4PsDpH4mSBCaJwFikqMMapacQq",
    "slot": 279620356,
    "blockTime": 1721924284,
    "error": null
  },
  {
    "signature": "kWtZw75aSaWd2so9B3v1JVdzuEDHu8d3rtAweWzVL32tZfr8ey2QGHhm31RRzS5xV8FvpVjtj58RfSivnmEbi9P",
    "slot": 279620356,
    "blockTime": 1721924284,
    "error": null
  },
  {
    "signature": "oeLswyfLygMAyWZgMMYiBucFpJNpTZh6pBhz7anEWG7mwue1ywS5gcWTMpy69X1hEZvWvrBj6j3JpupdQMaQj1q",
    "slot": 279620356,
    "blockTime": 1721924284,
    "error": null
  },
  {
    "signature": "q245oPeH4QM7dokdPuMQPNDSEd5V5sLuQVCNGCoWPkRBTNn4txHBeSrfEQTrGDUBn5LC5JZ3TxghpxQ2kEYo92m",
    "slot": 279620356,
    "blockTime": 1721924284,
    "error": null
  },
  {
    "signature": "sKuk2GrJ7eRAsUHxMKbL2rPub6ySqGENBh382jTtGSWJFUEAfiEMix3toRy8UWUhqwLKu5T4tJFSbXjJQ5wRYDL",
    "slot": 279620356,
    "blockTime": 1721924284,
    "error": null
  },
  {
    "signature": "254PGjknUBD5BU3Dty86i8nyNiULtRRgxfaSBAnoRDBnpQ1mvwvBjdZTEBWrbAULzQAWVKRrvtTBL5U2f1w1WbNy",
    "slot": 279620356,
    "blockTime": 1721924284,
    "error": "Error processing Instruction 2: custom program error: 0x1794"
  },
  {
    "signature": "27xm6m1SG9VwfGhCxU7nXuZSNoWAujtiqNvY5pAc5c2oGe66DQVdevWvKY4mc3DYghmuik4Scg8zb6n2mwR4oHXY",
    "slot": 279620356,
    "blockTime": 1721924284,
    "error": "Error processing Instruction 3: custom program error: 0x177d"
  },
  {
    "signature": "28XmHSfxwm7jiq3s1rub4BZ3cA9zuKDQKNoxzA2CzaS8tEZiiuFoGwPRFUn3TSKbh3Bh7LEiimMEYRDpNddxjymm",
    "slot": 279620356,
    "blockTime": 1721924284,
    "error": null
  },
  {
    "signature": "2FpB4UvxdJupEshe91vxhAECZDKw4gzWL5Gx6GmFfcX5KuLzftVkz5qGMusY2p9pxSBvnnK8MgxT1CdqXyMq3V29",
    "slot": 279620356,
    "blockTime": 1721924284,
    "error": null
  },
  {
    "signature": "2FwxDyV2s7pcBaVayLLb2ji9JVEwRojViVbGe1CkVJGWFWMCiJfUjPRknJV4u2tbVvgLfNpmP39niQi8sLCjymye",
    "slot": 279620356,
    "blockTime": 1721924284,
    "error": null
  },
  {
    "signature": "2J642aJwnsY3XKuySxhZUEAtg1ky8ekN9y3hVCUEVwCc56iM2e2iZw83ZvazrsFRUNyU4DSWXwUAzAwkzQyqP7si",
    "slot": 279620356,
    "blockTime": 1721924284,
    "error": null
  },
  {
    "signature": "2Kd8DYJbo6njXfGPNtdgxUeN52dQQWu12Nv47ty3MR1Lq5WgSoLCEaUYsgqtyLvCAFFusX7JVCLD87JmCpyUDJ9A",
    "slot": 279620356,
    "blockTime": 1721924284,
    "error": null
  },
  {
    "signature": "2M4V4hwSCNpJQPozzqj2JFo1fyWCS9a3JCLcavRG3LHKC8FSTqiHZ769tK9qDENU8XKSpMXdxd7sVRzjfMmo2oXv",
    "slot": 279620356,
    "blockTime": 1721924284,
    "error": null
  },
  {
    "signature": "2QNnzYAS7B3oiphjs93xD7s4XJbdb8fxUhcVKYU699GaXxMjDL54tyQwFGeMDratQj6ATyRYxxXaiVy6D4Ntitny",
    "slot": 279620356,
    "blockTime": 1721924284,
    "error": null
  },
  {
    "signature": "2cF36JKFKf88JDXKDFwzYx686xEeoeW2VF4Gj9kchtqj3Wzrz62qNE8pAcxArN9Xg9SnrAGuGbk9JHRjiS8gzoPY",
    "slot": 279620356,
    "blockTime": 1721924284,
    "error": null
  },
  {
    "signature": "2h4BBGVauiZxty3WYfJyuZKxbAZD2Yx85UWZe1MHLeRADQAawvM2TMEgXbFN5RwMxFtecLCvn1Ksr69BQns5fKnT",
    "slot": 279620356,
    "blockTime": 1721924284,
    "error": "Error processing Instruction 3: custom program error: 0x1e"
  },
  {
    "signature": "2jZWYkLr9AmryN7tpySvP5xxpqUvMmFn13FgTKbaJbBkRp9P5m8dxESLNiocF7AC5X2ht8dotk6zdJAsJEHR4W27",
    "slot": 279620356,
    "blockTime": 1721924284,
    "error": null
  },
  {
    "signature": "2kTtkfQkJJAVBmJ8HC3bcTsbDbxZTjB46y2hmpm49rcGe2EzDmZWm1wrKLErznbJnHpjEZukWxkC66DzHSxUobyE",
    "slot": 279620356,
    "blockTime": 1721924284,
    "error": null
  },
  {
    "signature": "2mGbg8VfKaackrqVt9qBA9gUr7999vQPNaDTauZtjUUZoYtpciAgM1i6GigBYAy5JhcgTuCZzj4AYozTsSSTfTTK",
    "slot": 279620356,
    "blockTime": 1721924284,
    "error": null
  },
  {
    "signature": "33VDhYnakGPkcufoUPgX1wMSSf8Z3dmBVJ5hQbzTz4siXmLA32A5zHzrnbfRo8xcCTCow6X8yYLebvDseK3cXHp5",
    "slot": 279620356,
    "blockTime": 1721924284,
    "error": null
  },
  {
    "signature": "33dAP3vZjPotoiP6xtzFs5Ng8X7ndfky3NQvjPhje3L7TipqVSPS5HkRz8kT6rFYnppFgyn4R6bRBexFaWqWdzkP",
    "slot": 279620356,
    "blockTime": 1721924284,
    "error": null
  },
  {
    "signature": "38hjRSyQARUhadRefV8NezuasdhjajbLYkeQd4U4niMH7kAKXpVaJmYEVWniBP8QwFvxuyNQ4UnqCxxLR6cM6rc7",
    "slot": 279620356,
    "blockTime": 1721924284,
    "error": "Error processing Instruction 6: custom program error: 0x1771"
  },
  {
    "signature": "3DMr9cQAY4tCXHLtfxnBbRpH32ro79M6mM2sfnyQcnEgfhhFKuxLc5CNaLsKr9LeMbPNbkYeVmFr2tQcPUHU47Ks",
    "slot": 279620356,
    "blockTime": 1721924284,
    "error": null
  },
  {
    "signature": "3G3tECcyLDV3EqxpanDWZsVETH54iriLAHxoDK7Vhh4oBU2kEiycuaweT5vQgp3VKtWib2fcvf1yM9U3M9z6j3w3",
    "slot": 279620356,
    "blockTime": 1721924284,
    "error": null
  },
  {
    "signature": "3G9PoDkDFJEFJkZS5C39kZQVrCwjSNkgdvTZmcnHhPoWjXWT5p7uCYCMgh946uyYmUvKzpS4sDwS99dB4Wd6cTQZ",
    "slot": 279620356,
    "blockTime": 1721924284,
    "error": null
  },
  {
    "signature": "3HdCNEDuWpMzgzQS1M6qd2Xu11k1yotUxsuBaURWQKSLjFQtQmEknfrCDyS4FDuF2toZZDDnGEFS2gX9LtfJ6yrv",
    "slot": 279620356,
    "blockTime": 1721924284,
    "error": null
  },
  {
    "signature": "3NFLuivLsopk2DRXzR9f6NH5ctkFwNe3PetLRbYvTjzzEK5XdJ2qsroJdNYFBcRHJDiEVDoZL4DKC25bk63JCQ9v",
    "slot": 279620356,
    "blockTime": 1721924284,
    "error": null
  },
  {
    "signature": "3Tj9sKoeyT14oMJyjcLkJJw3vaymGMP3qouyYosuYx79eXyPswysFUbFrrWVWfH26Qt5zEW8oaVqDQJZf39FxqQK",
    "slot": 279620356,
    "blockTime": 1721924284,
    "error": null
  },
  {
    "signature": "3UahuvyhTYZFpsQhWA5c94icSBo5epTQjZwecXhMGv7kJoZxp8MUWy4r3ZuKejjnC1nagtFde1fLCUqdxTkYnYbV",
    "slot": 279620356,
    "blockTime": 1721924284,
    "error": null
  },
  {
    "signature": "3Wb8uWgnmPZotaFXmv5xPMbs6MpSrvKtdHQGL4HASz3RSY1GGLNo4joSsWbm2ZZtuC6zzhSHJ8vffXCNRfFtzZKY",
    "slot": 279620356,
    "blockTime": 1721924284,
    "error": "Error processing Instruction 3: custom program error: 0x1e"
  },
  {
    "signature": "3Wuqpzz1oHFYzRSz2ic2dQkspDr5gawcswgbku56d5FHoE6Qkno4PgXmRxURJzzycGb4WTmH7tAxHKLEC6fLa4N6",
    "slot": 279620356,
    "blockTime": 1721924284,
    "error": null
  },
  {
    "signature": "3XMxv6Qj5TEzk3gxZzE56qkioCckFj1VqMKEgXk18kpGLABG9PkrfCzuUCcjmA9L5YSRgFT1ZrJBwT3nQvF8KRke",
    "slot": 279620356,
    "blockTime": 1721924284,
    "error": null
  },
  {
    "signature": "3YT1qEzPGGa5ZR33CXiWSvbcVwb3XkhKzea9Npqv4GZMqL9LF5vZnarzgi73DXFRteNkY6osuy1p6KWZ4tXqTSLh",
    "slot": 279620356,
    "blockTime": 1721924284,
    "error": null
  },
  {
    "signature": "3YW8BhteNot9Yij7eFmv1aHRLvwDBq9sbomcKEPE4K3M9mZyYk8Wf1NhUbcQjngn37VLrwceUV6VDXgNz4SyfNMz",
    "slot": 279620356,
    "blockTime": 1721924284,
    "error": null
  },
  {
    "signature": "3b2Cg4RZyTDqrRARFCxAnx2QhargZ3foM5a5eyKag7QvfrTtag7PTHFaxoLWVwkU3k77JMrYBCBqkdTwbsfnRdmo",
    "slot": 279620356,
    "blockTime": 1721924284,
    "error": null
  },
  {
    "signature": "3gRmj8xZhYR6rmB4CvYY43Py24KJxaBJrfk1GmcKbw3Bm9pVhawc6jkjhTwwpi1fsi5dyX7HJDmXqHtorHk6PV5C",
    "slot": 279620356,
    "blockTime": 1721924284,
    "error": null
  },
  {
    "signature": "3gwUbk1q1v3G2oueJ5Tv87WJcXs2rmZe2y4tPsKRm5XKEQ5K6zyhFWfxQkaFtXGTs2YySUAxnw4G9XQDauBv4S9j",
    "slot": 279620356,
    "blockTime": 1721924284,
    "error": null
  },
  {
    "signature": "3kajYJY27cyJeodRfEQZHg6gyTqvYo3hT6HACw9tbD2SfrvPEQwvrAk1ksCjC31g2PEghPYTaDAbTcBSiM4uDPsa",
    "slot": 279620356,
    "blockTime": 1721924284,
    "error": null
  },
  {
    "signature": "3rdzEbMfRpJft7oPwrYKFqBck5PYQu4ypNiqis1rGZCvRFixbkB2yuD1d3z1T6Azc7YMLF84SqjRHCowBrqEu5Kv",
    "slot": 279620356,
    "blockTime": 1721924284,
    "error": "Error processing Instruction 1: custom program error: 0x1773"
  },
  {
    "signature": "3tCr6EmZ5h1xwRswunG9eMp5vp2W6MRmJbuRXKktA6atiB8XC5vAgGzr9B4vTyx6j1XTgLfPn6Kvdtm6YLwX8aeJ",
    "slot": 279620356,
    "blockTime": 1721924284,
    "error": null
  },
  {
    "signature": "3ugtuNqV7KJF7hDjb391vTdjFDZwD6kR49Wdk7LBzgpdMD1pMGCMuexB4rQJRRYi4P3feDuSxLorVFddN6qSZyX7",
    "slot": 279620356,
    "blockTime": 1721924284,
    "error": "Error processing Instruction 1: custom program error: 0x1773"
  },
  {
    "signature": "3vT8HzR6kZWJ3D2NQHc6BQWbNPa36Mw9fiME4pJgMjyMi3svqB7TSuDmEnjKzb8Tz5jC4C7f3VpsJuKAg2FTk3ko",
    "slot": 279620356,
    "blockTime": 1721924284,
    "error": null
  },
  {
    "signature": "3vwmioEiCWry7tWRSXd72pQsRXARQUryVARqEUEZnTvxxFEZRuWRRjywzS6jrbXzpsoQE7mmZkXKAtnTwRKa5ZjS",
    "slot": 279620356,
    "blockTime": 1721924284,
    "error": null
  },
  {
    "signature": "3wTsBHddyTP5WJiYyR3QjiHrDjQ4QnTWw2DHQFmUidRrEEUJMdMS6KeA7AHahUAQS2P9io61pKxKdM3dFhi1hc6M",
    "slot": 279620356,
    "blockTime": 1721924284,
    "error": null
  },
  {
    "signature": "41GQwVJNTtKmJ7yE4v71fwpkysyaY2zooq83L7dD7vqWa6BBpN8zjaq14hY6M4fJwRqSt2N1LvoDJrqvbQiCuKZK",
    "slot": 279620356,
    "blockTime": 1721924284,
    "error": "Error processing Instruction 1: custom program error: 0x1773"
  },
  {
    "signature": "41tgMXXH9GPZzJ2D2sCPpjFTFdggYpR5Sb1GQqkVa9zPFGJwiXQNmzctpPSBmJaJG4t4BUUv6jgPrWeVHrfjncBh",
    "slot": 279620356,
    "blockTime": 1721924284,
    "error": null
  },
  {
    "signature": "45U84Za9yW3Y4Usubq6LJY1R5Msy1Xo1eGSdXdEC1REtGQPQeet3ScZ9pzDjCpHUXTV15YymysMCPp7gcR3G5qEC",
    "slot": 279620356,
    "blockTime": 1721924284,
    "error": null
  },
  {
    "signature": "48X98gV6WgjpCPkZZYdtxawjQCus3or5AVRXBjje8dSWW3SU5KQ68vfWb56cnvDJgBQo1EzhHjUb4u6sLRqs4YRZ",
    "slot": 279620356,
    "blockTime": 1721924284,
    "error": null
  },
  {
    "signature": "49HjLjkYvV3V5YexpzWSWXfGEar9nVmGkSNok7o5A9mgbTr2oQDLUwQqYdEShsDAMx3dWcy43aF5fjbLUbBbsZnX",
    "slot": 279620356,
    "blockTime": 1721924284,
    "error": null
  },
  {
    "signature": "4KjD2R8i667LzxZtskjXDb7iVd2MhSYdJr5tmiaj5WXs4zyPi9NtG52MCQsXYFBGno9ckpLrvVgMQyTswDvETUdS",
    "slot": 279620356,
    "blockTime": 1721924284,
    "error": "Error processing Instruction 1: custom program error: 0x1773"
  },
  {
    "signature": "4RQm3J3gAQizTxL2zwPQbHAT9C91jx6mrBexkVcDVh8P4x8DdcF5A2iko1hRBteJbdcVApYSdFzmFWBhxzDLqQ9F",
    "slot": 279620356,
    "blockTime": 1721924284,
    "error": null
  },
  {
    "signature": "4SHJm3w91Cigkmguw8m8ikSuVdvHpStQAY6X6TdML8KiSVmwtFjXvXqYbPijZHjx9LbGAUrw6v84xPrMsykxqMFu",
    "slot": 279620356,
    "blockTime": 1721924284,
    "error": null
  },
  {
    "signature": "4TfmUKw77sUfifbvMKe5uvY7ajpiSmwZR25ApPxvyut6CLwRUsytBMrbVTwgvy4Ts7LCMDuwHY2BTzbxir3tAouw",
    "slot": 279620356,
    "blockTime": 1721924284,
    "error": null
  },
  {
    "signature": "4TwQ4fXqtPMKNWUyEfC5n5s1Et1yAtExRy2YJpxwAvvZXSQjZnenPh37igUACsMrdAipS43fKndqSHsbR9u5ZWKc",
    "slot": 279620356,
    "blockTime": 1721924284,
    "error": null
  },
  {
    "signature": "4XAfmxoHGhQHmpTyic8JvqEDZecLBoXb1YuKTY9KWj9wDYje3TYzKKn7d1nUTQzsat8Nko2HyVu5q6Yb4QVybjaG",
    "slot": 279620356,
    "blockTime": 1721924284,
    "error": null
  },
  {
    "signature": "4b22ji4VRLACHDDutwRHeqPwcoPnHuhLSygz3p8JAkzHijWLDYnYC3apYDNhP6TuJS4KWE4nek4WD5DyvLb7dgcc",
    "slot": 279620356,
    "blockTime": 1721924284,
    "error": null
  },
  {
    "signature": "4dtaBNW8ZjBasGCYXsJWmukhbt41KPmY2C3TLAqsHsXTTf9jnXRGDFf5GKQGXL5mpWUrP2fRn88ADgsiZ8qRjkd1",
    "slot": 279620356,
    "blockTime": 1721924284,
    "error": null
  },
  {
    "signature": "4kLWRdkGx7RJKxMN2QiaRDPcQvXboKFb5ukUgJdYvDB4QxaXByXoVR9cSRgjXU9q44CuEiQ1wwi3jEAsTwxtUyDc",
    "slot": 279620356,
    "blockTime": 1721924284,
    "error": null
  },
  {
    "signature": "4okM1dTYqutWho5MsNvpktmHZEnELY85jQp4HREYdt2UmG5MafzvUtjuuwZ6N7M6qYvMveCxK6G6VRABVyR7RBBy",
    "slot": 279620356,
    "blockTime": 1721924284,
    "error": null
  },
  {
    "signature": "4q7Z5LJk3c6NTwwMtsxXuSvm337adK4P8mPCidCuhBdeRf88K2uYd4KjvXM14YkXaViFJ8FE7o4dxe9aD4zgNNun",
    "slot": 279620356,
    "blockTime": 1721924284,
    "error": null
  },
  {
    "signature": "4uLcG6Gm74gcRZm4tyErXmR2Lm5j4ZqX4x5pJx8Udpq4PqF1wr21TW2eRaWUVEi3ucZe7JyDCNZy9FTeaBuQHED6",
    "slot": 279620356,
    "blockTime": 1721924284,
    "error": null
  },
  {
    "signature": "52Zk1NFM7kJABEKQQ5cAX1xaDPmkNJw7wXGFLDXRGxk2ddg7EJgCkRvVEvyczGVgtRrXXZkMH96AKA2GU1jruv3x",
    "slot": 279620356,
    "blockTime": 1721924284,
    "error": null
  },
  {
    "signature": "53TsBkXBwcnuUE9inzBeNPpBwrBogbESYzuqZhgvFg7hDmTJ3J94yWvfC7qzQSyFFDEo42uZZvsatDYWtgSeahvD",
    "slot": 279620356,
    "blockTime": 1721924284,
    "error": null
  },
  {
    "signature": "5GcBfeicorch5Vi3KYEioXeUV2a9nRLPThjL9gvHfeCDzonQFauQfZeAHRC2fcJZCLgdh6biTjnNzd24uDRwF6k5",
    "slot": 279620356,
    "blockTime": 1721924284,
    "error": "Error processing Instruction 2: Program failed to complete"
  },
  {
    "signature": "5Gznm1AbmAZsCypfDSCDtqSjWEazYnKSTogQ596vYf1YTQQk5imWS9kAo22P2sFeJDgcoMNFnaUViHFAL1izBk4F",
    "slot": 279620356,
    "blockTime": 1721924284,
    "error": "Error processing Instruction 2: Program failed to complete"
  },
  {
    "signature": "5JiDUAtGq5sh6u5tuKUwGS1s6gsSSbBLnHoXuMSYGtnGyvpLBeWxPWm7qZdE3b1sDEgaXov2LjbNWTBA9mjd8YmQ",
    "slot": 279620356,
    "blockTime": 1721924284,
    "error": "Error processing Instruction 5: custom program error: 0x1771"
  },
  {
    "signature": "5K4EYxkFcBK4DKdYtDWKRsmwVPQ8Pk8CnZr7t3cR1fRcGjFHDKVZEEPi4BsWAUwywMjeMVaYo2P63fFbho6TXQgD",
    "slot": 279620356,
    "blockTime": 1721924284,
    "error": null
  },
  {
    "signature": "5L4U5X841DPymnbTKxvejWYZh1vCyzXngc1u6zu5rRFo2bigyDg2ZYGhCEzkBhLw6Koikq7qtGWRVQjr9jT1kbbQ",
    "slot": 279620356,
    "blockTime": 1721924284,
    "error": null
  },
  {
    "signature": "5NYfuK6TeA8dAMYwqDKRy38H7vJiPDvohhZqNoEtRY9euRqy5kyocr51tQVFb7KRsho5crvnb5HswwfuC3hDwoLE",
    "slot": 279620356,
    "blockTime": 1721924284,
    "error": null
  },
  {
    "signature": "5RQELxR8AyqQAWo99RL19Xdh7a6drCH2AjghnAzhqPej8Gi4aYePWvSwX4mcGxzUYjC3exnvxS35Bi5CzVUzbXj8",
    "slot": 279620356,
    "blockTime": 1721924284,
    "error": "Error processing Instruction 1: custom program error: 0x1773"
  },
  {
    "signature": "5fXLLhNuHyEp47qvE1AUD1vmcenNBD3YHKyZzg76i1rxYYWj9ZZi5t2NZwhFLdgfAQSsHT2dKeLEaNhhGeMdyvV2",
    "slot": 279620356,
    "blockTime": 1721924284,
    "error": null
  },
  {
    "signature": "5nbvNWzM8sZnLQGetv1YDUmTQKkbEu5gdpEh5SACeVJQfoA7SZmkRrXGSh18PC2Xw4yyTnNZVepCSKfyZeU4MAQd",
    "slot": 279620356,
    "blockTime": 1721924284,
    "error": null
  },
  {
    "signature": "5se4jTDc7wB8tZLrt1gY54m1MJfq6FDLpz7rGcqMjxbJyYMTKrVAgt7jtcRCaA3UF3QLAqRK1vUSuXbSxGNzhMTc",
    "slot": 279620356,
    "blockTime": 1721924284,
    "error": "Error processing Instruction 2: custom program error: 0x1771"
  },
  {
    "signature": "5vZ6aCQ9QuX75jMYmXpFGQiQy22hynAL7KTgXXisy7v84puYsi9nYpFnobZaDAr9mhpozuhowqRScpWPTprhrSJg",
    "slot": 279620356,
    "blockTime": 1721924284,
    "error": null
  },
  {
    "signature": "5wjkJByq8Yk8N5fPj93JC1N3VbXiMZUX3DJXnWuwJk3DfL9pjdX4LtgEcGUK4gUjfa2GcvGrrwae5FuyuDcNHFsD",
    "slot": 279620356,
    "blockTime": 1721924284,
    "error": null
  },
  {
    "signature": "5wxhkMSsuJ33zy5PAsa4dk2ttUZmHjVLBzaYxfCLhYYdyqtXM2xNPaDaaHkbaKZ4jJauBtqWyrUnaqKFMqA2EnzQ",
    "slot": 279620356,
    "blockTime": 1721924284,
    "error": null
  },
  {
    "signature": "5xPps8cpnUFe7j6LgMtqd6QwLF5PVpHCY62yiAMiaEGsYUVbbVy34GbUhkDg6u4VTADTsQPZfRVjgG4UEoaixMsX",
    "slot": 279620356,
    "blockTime": 1721924284,
    "error": null
  },
  {
    "signature": "5zD1VWk48mk7AHiUrwodERyXxKiPCWWRChrhHX9at7XShu719YFLEbZSAm8wVxpsD8Zi82j6T8hitW2qMLk56KbW",
    "slot": 279620356,
    "blockTime": 1721924284,
    "error": null
  },
  {
    "signature": "61ivsK4aBS4XTPLmGJHv2XxEbCwBcxQ5KiyzmVj7taK64xzYBZKrxcLrTi3BjomYAa3tvJ7THWRiQSZoD9qmjzHU",
    "slot": 279620356,
    "blockTime": 1721924284,
    "error": null
  },
  {
    "signature": "62CXWmMXNwvdyFm4RRiFwQEHSsP2afS6PDnF6ZRUtbhsDGA83QZnqyov7igFkY7casqArTWx9Zwk8crZghYD3XuV",
    "slot": 279620356,
    "blockTime": 1721924284,
    "error": null
  },
  {
    "signature": "639PGygcKMTLMfDVgnd8yWh7B7fSJ4peSSk4NvfqrAtmhKji623bhbc3Y2aagiJm7QitUDuUcLhaUbgZq3bXiuCn",
    "slot": 279620356,
    "blockTime": 1721924284,
    "error": null
  },
  {
    "signature": "63xgT8bdrcAoAdnR3mgovyQVZTwGpbzujvgXxccaohF4FYpPpyPZb2PzpZYQr6joD42a1ZyMmtc8rCmD4KqfQGTN",
    "slot": 279620356,
    "blockTime": 1721924284,
    "error": null
  }
]
