---
source: tests/integration_tests/e2e_tests.rs
expression: validity_proof
---
{
  "compressedProof": {
    "a": [],
    "b": [],
    "c": []
  },
  "roots": [
    "2cvmJ3SpPyBHp1HApVescUg8VfKVbjip52frvpdAX7B2",
    "2cvmJ3SpPyBHp1HApVescUg8VfKVbjip52frvpdAX7B2"
  ],
  "rootIndices": [
    7,
    7
  ],
  "leafIndices": [
    6,
    3
  ],
  "leaves": [
    "26FEoLQ2nW736yXrKhPgTccnnEMogKA7XpaARLwK4a8Z",
    "44Qv4BgzziuHPN3PWaY1RjG6r3Js3ewXuTkWF6DxCpQz"
  ],
  "merkleTrees": [
    "5bdFnXU47QjzGpzHfXnxcEi5WXyxzEAZzd1vrE39bf1W",
    "5bdFnXU47QjzGpzHfXnxcEi5WXyxzEAZzd1vrE39bf1W"
  ]
}
