---
source: tests/integration_tests/e2e_tests.rs
expression: parsed_transaction
---
{
  "transaction": {
    "slot": 52,
    "transaction": [
      "AuyEa9pfgd8PIBCwOp/aeaFovMyOPwLOiSzuLMW2mLB3UtKEsJifJ1g4xsQ5O7J5ZymK+Wh8Hqzps7ETdO3AwgeDsy06YjwDnmZV7rRE7DKOkUYqquAsH6ctfqjr6S5re9pY23kK9WJj9xpKJPQiwj9oh5X3XBx36uEqHy+LztcBgAIBCg929wO8WIKG6eY3uWLE8oiLV+uv4g4bZ8FJk67jITSz9C65sXVWZydDKXuRt3BQeU1xshoCIVHrBFXBBN9FsFrv3Okvqts8Z0qoTWEewMkOaUhNdyrmel/rXi5mDaSOvj9yxuiFW5NaMQbkpr1lCJaYDyzxhfgbp+ZPMWi/qK11GERNfSBMgD20Ac9FLHl2mRGzt3Mio39m1gFXr7FfMUFFAwZGb+UhFzL/7K26csOb57yM5bvF9xJrLEObOkAAAAD1itLHAR4o1KBGtaL93zMnlB5NHD6SDRSqmfZ7YrJBH7SlQOyDt9WW7rhI2hN7rYf3O2M6x7u3IJANtD1uTGCcBt324ddloZPZy+FGzut5rBy0he1fWzeROoz1hX7/AKnu+iPYo1pSSKfRxOPSrVn/jhTHlpDXPaQiL7Xk4pnQEZHO1F4ue36ePjvKhQ/1+bWXRuK+jAPhOiyhsi1YEji5C7wPwLtHyi90xBEulKsTz6PGNOXcF+rLA80aI81+eHyUJa+9/ABJJWec/z1Ytd+0tY2uuyhzxF6W5bZkVSls+KxW1RflaYZhtplDZTn2OqAPHuUse8KSTOHPrHkF2nKGAAAAAAAAAAAAAAAAAAAAAAAAAAAAAAAAAAAAAAAAAACYzGyuMEKsUA4m+CcYBTKGtwZyqNchjKBC4T9ZYQpvgAIFAAUCQEIPAAYOAAEHAgMICQoLDA0EBg448SIwuiWze8ABAAAAYVmyMiGIj+Tgl/zcUzKjgSzMJL6+syxGKFrqYmAwgp4BAAAA6AMAAAAAAAAA",
      "base64"
    ],
    "meta": {
      "err": null,
      "status": {
        "Ok": null
      },
      "fee": 10000,
      "preBalances": [
        996489120,
        0,
        1461600,
        2039280,
        9496836480,
        1,
        1141440,
        0,
        929020800,
        1141440,
        1392000,
        1141440,
        0,
        1141440,
        1
      ],
      "postBalances": [
        996478932,
        0,
        1461600,
        2039280,
        9496836668,
        1,
        1141440,
        0,
        929020800,
        1141440,
        1392000,
        1141440,
        0,
        1141440,
        1
      ],
      "innerInstructions": [
        {
          "index": 1,
          "instructions": [
            {
              "programIdIndex": 8,
              "accounts": [
                2,
                3,
                1
              ],
              "data": "6qYT3cRnoTxb",
              "stackHeight": 2
            },
            {
              "programIdIndex": 9,
              "accounts": [
                0,
                7,
                10,
                11,
                12,
                13,
                6,
                9,
                9,
                14,
                9,
                4
              ],
              "data": "bDnj5SrNsb7atr9XPjJDZcibdPZdgyWxs8TTVb6XbUHPSjj84KdvMwUy5wQt2T4THgXcFBEFxmG9sGwo9zptXBQo9LwXSjrrYqHLJt7A5qG9GHhp1qDnGLZ3zn81nWEc4yoEsZvmUywUqTLpg5bQHTYoXUHFK6FQpqVrGPGCZqa7ZN3CMp5p88Xrh4krv6NqgDPuGTbg1eK1CXcsoHPGhmoor51VvgRWQgQZLHsQehrE9jCBnvFSbKBSAXmvub7iBDpbBdaNNGHbueqvLsqyhrfn2akhrxMsMhtvuRkL8yEMdLPMU95",
              "stackHeight": 2
            },
            {
              "programIdIndex": 13,
              "accounts": [
                0,
                12,
                10,
                14,
                4
              ],
              "data": "5wPdbtbk7M4b3JSHrvyYjDuxK7vAXRBm55enM4HAUSV2sQCaUhdQVjAnjYFEfT",
              "stackHeight": 3
            },
            {
              "programIdIndex": 14,
              "accounts": [
                0,
                4
              ],
              "data": "3Bxs4YJVi6KXxi8o",
              "stackHeight": 4
            },
            {
              "programIdIndex": 11,
              "accounts": [],
              "data": "11112HwuWuFMMaNJn71TmYWRZcauNW86vQRVPUtqVt7EH7Byo9TKV3V8iwJXWR4ZQYuPE9gFArk8QpqVEpqji6vfNWHM5NFLUgCbm8tRieMWpdBv8S4Um5E3EUxVudLwJinmNyfyJZG7Hf1CpsKETCnHS5yBLRngGkiUH7PUffc8N2MryG7Bg8BRm2GpiVXx5PDkiNBj3uZwCWm8YZg7CJXBK1ykFdxw1wNpqSk34YFht6DMTF6oSru9tm4EhRn58eRue2c8d7bwYkVtbnAgek5sEJvCaQ78ZejXegniAiU2AAAqnm3qEgcxYLvpKrBZXWLm9GCbeUubFDvHHubUHCA6ffhhpLGHJYoX4mKqCPGVUoucRfnE1Tog2SgoonsWijugt4qZNFeWcGn756WwGDvEgZ8Tgioy",
              "stackHeight": 3
            }
          ]
        }
      ],
      "logMessages": [
        "Program ComputeBudget111111111111111111111111111111 invoke [1]",
        "Program ComputeBudget111111111111111111111111111111 success",
        "Program HXVfQ44ATEi9WBKLSCCwM54KokdkzqXci9xCQ7ST9SYN invoke [1]",
        "Program log: Instruction: MintTo",
        "Program TokenkegQfeZyiNwAJbNbGKPFXCWuBvf9Ss623VQ5DA invoke [2]",
        "Program log: Instruction: MintTo",
        "Program TokenkegQfeZyiNwAJbNbGKPFXCWuBvf9Ss623VQ5DA consumed 4492 of 985597 compute units",
        "Program TokenkegQfeZyiNwAJbNbGKPFXCWuBvf9Ss623VQ5DA success",
        "Program H5sFv8VwWmjxHYS2GB4fTDsK7uTtnRT4WiixtHrET3bN invoke [2]",
        "Program log: Instruction: InvokeCpi",
        "Program CbjvJc1SNx1aav8tU49dJGHu8EUdzQJSMtkjDmV8miqK invoke [3]",
        "Program log: Instruction: AppendLeavesToMerkleTrees",
        "Program 11111111111111111111111111111111 invoke [4]",
        "Program 11111111111111111111111111111111 success",
        "Program CbjvJc1SNx1aav8tU49dJGHu8EUdzQJSMtkjDmV8miqK consumed 46215 of 930587 compute units",
        "Program CbjvJc1SNx1aav8tU49dJGHu8EUdzQJSMtkjDmV8miqK success",
        "Program noopb9bkMVfRPU8AsbpTUg8AQkHtKwMYZiFUjNRtMmV invoke [3]",
        "Program noopb9bkMVfRPU8AsbpTUg8AQkHtKwMYZiFUjNRtMmV consumed 38 of 881772 compute units",
        "Program noopb9bkMVfRPU8AsbpTUg8AQkHtKwMYZiFUjNRtMmV success",
        "Program H5sFv8VwWmjxHYS2GB4fTDsK7uTtnRT4WiixtHrET3bN consumed 84520 of 965699 compute units",
        "Program H5sFv8VwWmjxHYS2GB4fTDsK7uTtnRT4WiixtHrET3bN success",
        "Program HXVfQ44ATEi9WBKLSCCwM54KokdkzqXci9xCQ7ST9SYN consumed 119508 of 999850 compute units",
        "Program HXVfQ44ATEi9WBKLSCCwM54KokdkzqXci9xCQ7ST9SYN success"
      ],
      "preTokenBalances": [
        {
          "accountIndex": 3,
          "mint": "FsLvdEqi6xTaxSDZ6mzCRhWGRN6W7c7n8E4SmPix6YM4",
          "uiTokenAmount": {
            "uiAmount": null,
            "decimals": 2,
            "amount": "0",
            "uiAmountString": "0"
          },
          "owner": "DAAY8YnCFASfeLyXFXff8bTitePXdGcXYr6DkkYJ3aJX",
          "programId": "TokenkegQfeZyiNwAJbNbGKPFXCWuBvf9Ss623VQ5DA"
        }
      ],
      "postTokenBalances": [
        {
          "accountIndex": 3,
          "mint": "FsLvdEqi6xTaxSDZ6mzCRhWGRN6W7c7n8E4SmPix6YM4",
          "uiTokenAmount": {
            "uiAmount": 10.0,
            "decimals": 2,
            "amount": "1000",
            "uiAmountString": "10"
          },
          "owner": "DAAY8YnCFASfeLyXFXff8bTitePXdGcXYr6DkkYJ3aJX",
          "programId": "TokenkegQfeZyiNwAJbNbGKPFXCWuBvf9Ss623VQ5DA"
        }
      ],
      "rewards": [],
      "loadedAddresses": {
        "writable": [],
        "readonly": []
      },
      "computeUnitsConsumed": 119658
    },
    "version": 0,
    "blockTime": 1717594775
  },
  "compressionInfo": {
    "closedAccounts": [],
    "openedAccounts": [
      {
        "account": {
          "hash": "sKXVGdDgbogNTGsoa1eWGcE4u7M7PbdoTYBD6L739yB",
          "address": null,
          "data": {
            "discriminator": 2,
            "data": "3Okvqts8Z0qoTWEewMkOaUhNdyrmel/rXi5mDaSOvj9hWbIyIYiP5OCX/NxTMqOBLMwkvr6zLEYoWupiYDCCnugDAAAAAAAAAAAAAAAAAAAAAAA=",
            "dataHash": "Ta3F7qfK5vNRy1zPB1ifmxeHM1ZfBaqxqUmBRWVCX8Y"
          },
          "owner": "HXVfQ44ATEi9WBKLSCCwM54KokdkzqXci9xCQ7ST9SYN",
          "lamports": 0,
          "tree": "5bdFnXU47QjzGpzHfXnxcEi5WXyxzEAZzd1vrE39bf1W",
          "leafIndex": 0,
          "seq": 1,
          "slotCreated": 52
        },
        "optionalTokenData": {
          "mint": "FsLvdEqi6xTaxSDZ6mzCRhWGRN6W7c7n8E4SmPix6YM4",
          "owner": "7Z1siJsXDpSgwyXsErgdrhbLNHGuqoivfjbycnUyxWX7",
          "amount": 1000,
          "delegate": null,
          "state": "initialized",
          "isNative": null,
          "delegatedAmount": 0
        }
      }
    ]
  }
}
