---
source: tests/integration_tests/e2e_tests.rs
expression: all_nonvoting_transactions
---
{
  "context": {
    "slot": 270893658
  },
  "value": {
    "items": [
      {
        "signature": "65gqv6ZYuanP5iNc8opaiQNJSuZWyxP7d7awNrk2f1YmthVjsQRMhSFYcF5dPnPvkEGqxtgbNHVmHCFwjGzMStnc",
        "slot": 270893658,
        "blockTime": 1704648198,
        "error": null
      },
      {
        "signature": "5xNcGD6eiRwpfCsK8XmSeq3GFqVCtQ69MtA13ZqXTeFZuL39CgakEHh4aMFG6AFxWvFN37PirLwJHRaKMTsQMZKd",
        "slot": 270893658,
        "blockTime": 1704648198,
        "error": null
      },
      {
        "signature": "5whvTFEiavmYiwLcsVYvmpUkWj8JXKumQJYbas97tLYX6QRedrjgVJRjL3phMqSZ7akcaCxuMTCuh21zNbjBMFqv",
        "slot": 270893658,
        "blockTime": 1704648198,
        "error": null
      },
      {
        "signature": "5rjJSQoq1TePatHK1Ct4LYyM54a5YS8Q9F9BsJMPJoaK6DCLMXkCVMwzNr2NPekR6EjgdfM6JqrFhNvcMSqpccGE",
        "slot": 270893658,
        "blockTime": 1704648198,
        "error": null
      },
      {
        "signature": "5qyGVNV13MXVc8vbAB4pyGkk3eaGTFrx5wyoXGs2UQ6BiV39GJgyBADCX1vTKZGjWNbyHwiMcCfURxjTzuAoF8bi",
        "slot": 270893658,
        "blockTime": 1704648198,
        "error": null
      },
      {
        "signature": "5ZnARQduVYBmrC8WEUg8P4CjwreasMA7qe8gvHzmDx6nj95JaKRAvdADhJwFJG7QfPiva1d5iUZVFkSewHYD1P93",
        "slot": 270893658,
        "blockTime": 1704648198,
        "error": null
      },
      {
        "signature": "5X2sgpFGAeVjn8pLLjRgdhvWjux8dVaGLucC8GvwkPFX6LnvZUzrVWVYMMZAMyMoQYSw8yV9ngYasaKzVLNocYLb",
        "slot": 270893658,
        "blockTime": 1704648198,
        "error": null
      },
      {
        "signature": "5JTc98rQHKdQJWaJQENGAJpDgbKjPuwQYFuzftHxbNdxeMiPZACSGJpVyWui1rH7FHvn42nzBRrW1V8PBDbNbs5u",
        "slot": 270893658,
        "blockTime": 1704648198,
        "error": null
      },
      {
        "signature": "5J7315QpRY2zjwHFpsaN2LHVN6G5sJGwo9jiWWECYDdJDFtG1zjitV6v3FzNAUsVomME8wEm9pdF3PEz7NBgJDHf",
        "slot": 270893658,
        "blockTime": 1704648198,
        "error": null
      },
      {
        "signature": "51KZKex1VZ7iogLaDf82gs4V1fYkNenfE57ugjep5Wn6q47zpii1VzotH7N9TMVdWxKc3pp4PpYFtXwhVBoTcE95",
        "slot": 270893658,
        "blockTime": 1704648198,
        "error": null
      },
      {
        "signature": "4ja2QYrzfz5TRCSP7NipmGA65XeBGhvNit8MmEuZwxDjsN3WGgn9RfU29nfgoRNRsJvaUS23v71XwGteaBhwa83A",
        "slot": 270893658,
        "blockTime": 1704648198,
        "error": null
      },
      {
        "signature": "4e2y4cquWwMFMHFDQpMumqnXVu1zvdvxihfeDTwtKk47HuhGxEpmmmUwwRxQNYMim827tq5twmQpRtDaXvJgVsFf",
        "slot": 270893658,
        "blockTime": 1704648198,
        "error": null
      },
      {
        "signature": "4V3pxW2VwehEeH9Nqyv7kCsAtZQuTACngJnd2ptaAuWcwJXkWqxb1iQRMXUM8jN4ZHCcgsdnf2TKjw6skywM7NtG",
        "slot": 270893658,
        "blockTime": 1704648198,
        "error": null
      },
      {
        "signature": "4ThuKkAaeKaNvhbqoLjL1xyFoFKrqL9fBYzDiXPLGAvgebtFV7gMeQeq17aBjPGDJRfPr7uL7fm4qtJUdyGW2bTA",
        "slot": 270893658,
        "blockTime": 1704648198,
        "error": null
      },
      {
        "signature": "4A7Fzg1hDssJCqjWEoAauXrZV7KUZtcyJtsY6ar6EXce567iF1kAwTAKio4g5q3B7994L6j5nbKugoQJZYAt7kGS",
        "slot": 270893658,
        "blockTime": 1704648198,
        "error": null
      },
      {
        "signature": "3kJiJMyVPBNs4L4iNWW8f49Ny4gKTeTnU9AGz2BvFsAzvh86N1mnnejtwqUmGniX69owNskFWPHu2EzKPefbhrk6",
        "slot": 270893658,
        "blockTime": 1704648198,
        "error": null
      },
      {
        "signature": "3brzwgkUDxcVKvVS8PFkjLXuLEwW9g9UgcEKPQKzzE1A8Ni45Upm9D7trbJNwiYNQ78McxEh2PZ1iUkM5jxXQr4R",
        "slot": 270893658,
        "blockTime": 1704648198,
        "error": null
      },
      {
        "signature": "3Tf4vakDrh8qieQAcfhWaNtbT14g7X8GbFpBy6Mfvbx8GGNXisRztSLJLfsC3ZWbnHG2UTdayW1AvivA1hMsh5WE",
        "slot": 270893658,
        "blockTime": 1704648198,
        "error": null
      },
      {
        "signature": "3R1tXTkferWxetcKUduMZCuBjPkRd57rsC793ikU7L62FtJutzmknZ2zB1FUn3WcCR1PB3ks33PtGmwaiDJ3crQx",
        "slot": 270893658,
        "blockTime": 1704648198,
        "error": null
      },
      {
        "signature": "3Q9BaJ16Z7F7NFm3oxVCwxGvESj7tmA5X6AnWoAXqsuGT9AdfRV4JDVM11PSTmyve8TT9uYcGcMtMVQMKou7ijQf",
        "slot": 270893658,
        "blockTime": 1704648198,
        "error": null
      },
      {
        "signature": "3HrzSLtC5J3ofBB47z84XtKguQ3KU1TErTJaUJyfdPDPjAamXqRRuFxH1UXhQna215yiV9cjgLQRGNU32YVzNtQJ",
        "slot": 270893658,
        "blockTime": 1704648198,
        "error": null
      },
      {
        "signature": "3Do93ohDbfNUsETDKFc7JkAezk2XQdt9ymuwV3na7gVkTSKPhT1cwjHJEdUy6K2AkGeArStvi14SaCg282rpZGaV",
        "slot": 270893658,
        "blockTime": 1704648198,
        "error": null
      },
      {
        "signature": "3DbFzr3MYfL7iSyNxupDuZeQsUAS4otGaCGdSKzPDGpdjMFBr9WwXHcF6wHyHConivQoPrgMukREyDazVpM58Mxe",
        "slot": 270893658,
        "blockTime": 1704648198,
        "error": null
      },
      {
        "signature": "39tZQHcgKB7FcoUjCfUP4RpG9nKeiLzkiN5tXEN93dmiCzoN77QgPxrt5ps3tphpSUg3K2YHPwBtng6vazZiC89o",
        "slot": 270893658,
        "blockTime": 1704648198,
        "error": null
      },
      {
        "signature": "39APL1BttuaYhSFqEu51oxxTfXKfEUR7LEFU5zr6ujr6e7XuA8anqsr1riQSD6BtkNzXTDX6Uhj8ccgQyCaTwbX5",
        "slot": 270893658,
        "blockTime": 1704648198,
        "error": null
      },
      {
        "signature": "2wM8CiDGDayGVS8K1a53XWBoB9jeAKvZfqbX38B7qaiVh65pDP9hF9hz8WSoc3isUvF5BQ1QggkffnLwZv5rYJus",
        "slot": 270893658,
        "blockTime": 1704648198,
        "error": null
      },
      {
        "signature": "2pqmS7576s6je2RQLF5tg9ag5Gf4f1mLThMYeUEveCMVsvhSLTE4RcFjxiV5UBzwhfF3srVQyT41ZqoVhf4fBmGe",
        "slot": 270893658,
        "blockTime": 1704648198,
        "error": null
      },
      {
        "signature": "2WKhs2Ly2rd4CiqRxGZp3WrGxoWSdGQwjAiwmD3dRHrewPrQ93QRzMwr2NtrBsgute4ubQEvy2V43tSFV68EVFnM",
        "slot": 270893658,
        "blockTime": 1704648198,
        "error": null
      },
      {
        "signature": "2SrBft4wrp9pmWWfmmtLmazoKf317oGEF2kf1by4N5d55unLg5Dvc2GHmDzUvgFf2FZfE25e4NSFJgC6VGhaJQQR",
        "slot": 270893658,
        "blockTime": 1704648198,
        "error": null
      },
      {
        "signature": "2NWo7FnAZm7VbHWRAmSMfTBspBj46CPLnWZbGq6AbKkedxag5xPBgEBWct52gZkH5r6BMJqwRwuWCacPrppd8Jxx",
        "slot": 270893658,
        "blockTime": 1704648198,
        "error": null
      },
      {
        "signature": "2LWUcX9efKZRADyCZAeZre4yJ3MwR8ngEQ3SGwyLdHST7F4ndvvbqBh4t1uzUzYVfFXGig9Myt1EmLWsQMGBssb4",
        "slot": 270893658,
        "blockTime": 1704648198,
        "error": null
      },
      {
        "signature": "2FHajMRX54vrcJnG76V34Ev6Y91SbK4efzL87VqSg2qGuceEvX9pkahuYizRCmjCiwoALdUJoo5dEnRYHoCBq2dv",
        "slot": 270893658,
        "blockTime": 1704648198,
        "error": null
      },
      {
        "signature": "26g42Ksr4jqEPSPfjd1dpQBNn7b9UaQayaMD9WeGWSk3G4J5tBrPU9Zpe42aFqHR3gZvcdyXki4G4aCqdrqAjMDa",
        "slot": 270893658,
        "blockTime": 1704648198,
        "error": null
      },
      {
        "signature": "23yf4k36o6DZGBhQM87T7sqQ5goNZEkMneJ2JjnycWaEBQcze3waLb1komvUnuM9MbzDNPTRbdxnFvzZPSJqSw8M",
        "slot": 270893658,
        "blockTime": 1704648198,
        "error": null
      },
      {
        "signature": "s7iQRsNapuD7cWccBzZhiDhDjTMQGZojBmNQiHtMP6zXf6ChAHyKLgUEoapskpMgTzrBqoKktWVcA7SX6146e8B",
        "slot": 270893658,
        "blockTime": 1704648198,
        "error": null
      },
      {
        "signature": "istuJjeCyNRCrXwC3VhKNrAVnb5cnRxcESib5L2n9mGEhd3KNpVDnqnneH6RQWst92RDZMoEFHH8Ryr27zcGygc",
        "slot": 270893658,
        "blockTime": 1704648198,
        "error": null
      },
      {
        "signature": "eqKzn8h42xtRinRh2v6xVq7KkqhDhT7W9WFE4qtgQppYjgHaXGJvU87W7QkLwqyYzqPTXnwcAubR2SxgMcbDYZD",
        "slot": 270893658,
        "blockTime": 1704648198,
        "error": null
      },
      {
        "signature": "eWVJMC3p9Eg6n8pbuAyQh3jLkWXR2y4vusHh9YQBfxfjK7tG4Ceb5UvEiouET8C8etFkrwDv2SdedTRkqSZ1pnT",
        "slot": 270893658,
        "blockTime": 1704648198,
        "error": null
      },
      {
        "signature": "RvoTJo81ytXHqFmt8kAzGJHZaN85n2RsSfqAQbEBF7hhVqBTUyBtY5H7dFMsbSAVsQb5ekapRHTFKFSsWpFnq4H",
        "slot": 270893658,
        "blockTime": 1704648198,
        "error": null
      },
      {
        "signature": "RbAQiB47or4S8UD3GfHYAjBgkRWRor4XcW8giHzS6BNQ9P3hKexiwiWxPZk35SBCCN6zAXBwr89FFRnRALLQQXK",
        "slot": 270893658,
        "blockTime": 1704648198,
        "error": null
      },
      {
        "signature": "KG8bksAnoDhSDSibdqz44hn5Hj21RHgmJoFFQuqNFG2WpJBscHSzgVPRcM8gxX6kprRvwX5crxjgiPfQfAyegxp",
        "slot": 270893658,
        "blockTime": 1704648198,
        "error": null
      },
      {
        "signature": "DrHyPNQ9BinXxXS2VVvLETsp3N88JuAJPLXJ9k76zLkzUcG2SJzimF3RD2nYpKkGtNh57FruXfebtu2T77sfDEL",
        "slot": 270893658,
        "blockTime": 1704648198,
        "error": null
      },
      {
        "signature": "CMtEP6u1atzNZWys8oiPskXrZin5facWDYfxUnFquRSkkhzVag92FEUXLNN3ZFgCSrrxwwZqoS8qLX3KGExoHQH",
        "slot": 270893658,
        "blockTime": 1704648198,
        "error": null
      },
      {
        "signature": "Bw22ZzpmWzrkqy61VeZgNsVmnYQiY9JUCRc2wemJEi7pkcBPjyc9F1JbjW6quL2V5JdNYnLodYjS2MzTSgmkoZy",
        "slot": 270893658,
        "blockTime": 1704648198,
        "error": null
      },
      {
        "signature": "8YFTHECZudsBv3q2YVMZrw19ChgRCJSYssWdoYYL8Kx2FSDC9Q4C7GY3N4BQzGVVNuvCNDMzFT5bXs12RPJr2yy",
        "slot": 270893658,
        "blockTime": 1704648198,
        "error": null
      },
      {
        "signature": "2X5GnXvBpjWBMj3Jqe1p3aQJ2QK56sY2Eu1kxK871aJkvzpQ4cSh41ggpsxg8HNAcJp5b2E6GWkonGrumTbBPv2",
        "slot": 270893658,
        "blockTime": 1704648198,
        "error": null
      }
    ]
  }
}
