---
source: tests/integration_tests/e2e_tests.rs
expression: signatures
---
{
  "context": {
    "slot": 0
  },
  "value": {
    "items": [
      {
        "signature": "4TFBPyvatWgjTdNesfaTo3YkbP2spvGmgZgLn6CvTeqRZSi1ZuPCkK7fLaDbPKskMSF4Azge6QPvtZt9VUV7KBF8",
        "slot": 0,
        "blockTime": 0
      },
      {
        "signature": "QBrbAZFq12LCbnv5dByn8vB8Znam4ieGQVzybapgPL5LCa9KHfuYZKV6Nah6UGsa6FUptmT6tSpexWZDrbp82iP",
        "slot": 0,
        "blockTime": 0
      }
    ],
    "cursor": null
  }
}
