---
source: tests/integration_tests/e2e_tests.rs
expression: validity_proof
---
{
  "compressedProof": {
    "a": [],
    "b": [],
    "c": []
  },
  "roots": [
    "oBZ8HtbVEkNnC8qiciKc1CjdmjYSCWSpWTbVebsmEFN",
    "oBZ8HtbVEkNnC8qiciKc1CjdmjYSCWSpWTbVebsmEFN"
  ],
  "rootIndices": [
    5,
    5
  ],
  "leafIndices": [
    2,
    4
  ],
  "leaves": [
    "13berapdgyicVUiET7SAn1EVXjN7SttUXssCUxhw5KKZ",
    "3tbNrbE827fHKJAhqnRG72riqXr15PPGiaK5MWEkYN38"
  ],
  "merkleTrees": [
    "5bdFnXU47QjzGpzHfXnxcEi5WXyxzEAZzd1vrE39bf1W",
    "5bdFnXU47QjzGpzHfXnxcEi5WXyxzEAZzd1vrE39bf1W"
  ]
}
