---
source: tests/integration_tests/e2e_tests.rs
expression: accounts
---
{
  "context": {
    "slot": 0
  },
  "value": {
    "items": [
      {
        "account": {
          "hash": "6vKDqPoxbJXGVUJgp3N2L6Qeg3cUHrnZ7S3yoTgPBzL",
          "address": null,
          "data": {
            "discriminator": 2,
            "data": "3Okvqts8Z0qoTWEewMkOaUhNdyrmel/rXi5mDaSOvj9hWbIyIYiP5OCX/NxTMqOBLMwkvr6zLEYoWupiYDCCnmQAAAAAAAAAAAAAAAAAAAAAAAA=",
            "dataHash": "2KffhaoXAjNcLFs6Ma4PGLj9wuh8ytJqpTgQcxvcjyuC"
          },
          "owner": "HXVfQ44ATEi9WBKLSCCwM54KokdkzqXci9xCQ7ST9SYN",
          "lamports": 0,
          "tree": "5bdFnXU47QjzGpzHfXnxcEi5WXyxzEAZzd1vrE39bf1W",
          "leafIndex": 3,
          "seq": 4,
          "slotCreated": 0
        },
        "tokenData": {
          "mint": "FsLvdEqi6xTaxSDZ6mzCRhWGRN6W7c7n8E4SmPix6YM4",
          "owner": "7Z1siJsXDpSgwyXsErgdrhbLNHGuqoivfjbycnUyxWX7",
          "amount": 100,
          "delegate": null,
          "state": "initialized",
          "isNative": null,
          "delegatedAmount": 0
        }
      },
      {
        "account": {
          "hash": "XwKNKiUyu9rbYsnjDcKA2Pf9NJ1RvHxwJyi5tzTTuvK",
          "address": null,
          "data": {
            "discriminator": 2,
            "data": "3Okvqts8Z0qoTWEewMkOaUhNdyrmel/rXi5mDaSOvj9hWbIyIYiP5OCX/NxTMqOBLMwkvr6zLEYoWupiYDCCngUAAAAAAAAAAAAAAAAAAAAAAAA=",
            "dataHash": "3Q5qvJMq1uGbEuwRT4dcFcieHLD5r6gcN3to1dB6iLkD"
          },
          "owner": "HXVfQ44ATEi9WBKLSCCwM54KokdkzqXci9xCQ7ST9SYN",
          "lamports": 0,
          "tree": "5bdFnXU47QjzGpzHfXnxcEi5WXyxzEAZzd1vrE39bf1W",
          "leafIndex": 6,
          "seq": 7,
          "slotCreated": 0
        },
        "tokenData": {
          "mint": "FsLvdEqi6xTaxSDZ6mzCRhWGRN6W7c7n8E4SmPix6YM4",
          "owner": "7Z1siJsXDpSgwyXsErgdrhbLNHGuqoivfjbycnUyxWX7",
          "amount": 5,
          "delegate": null,
          "state": "initialized",
          "isNative": null,
          "delegatedAmount": 0
        }
      }
    ],
    "cursor": null
  }
}
