---
source: tests/integration_tests/e2e_tests.rs
expression: accounts
---
{
  "context": {
    "slot": 0
  },
  "value": {
    "items": [
      {
        "hash": "2iXDQnRbAJhEhFnz8ZkNjV3h45ATCQYKiyytCwpKg9z1",
        "address": null,
        "discriminator": 0,
        "data": "",
        "dataHash": null,
        "owner": "H9umPt6hyzWn5pXDRMzy3ZuJXDqVMTK4Dvps4qY5XeTX",
        "lamports": 0,
        "tree": "5bdFnXU47QjzGpzHfXnxcEi5WXyxzEAZzd1vrE39bf1W",
        "leafIndex": 0,
        "seq": 1,
        "slotUpdated": 0
      }
    ],
    "cursor": null
  }
}
