---
source: tests/integration_tests/e2e_tests.rs
expression: signatures
---
[
  {
    "signature": "4baKPsjwU4zR3yskhrfM63LwiiYpaKtbq2r3GzpvK9ATb4rANhWFfRdn26UiH7kzYmAtUWFmmMzpKLSHwMiSP3Tx",
    "slot": 0,
    "blockTime": 0
  },
  {
    "signature": "kFTMfQ23PCrhfrFgoyyLC961DTAQ3kmUzx82i7kxW8dgEjPmk5Uv4qLeiyiHdVBmX881FXsrNTKriGdJ4yifPUF",
    "slot": 0,
    "blockTime": 0
  },
  {
    "signature": "ZcKpgqWMJWuUCVha28UPTjydkDCRdTVmnb4sHE1AQU45juetmT6BcuPVmPg4ecepqMBEyu3UpGxg9n4N4ryAe9x",
    "slot": 0,
    "blockTime": 0
  },
  {
    "signature": "6qytR34uYwpa4kb52WAwsGwKaEQsZgPkeWnAoVX5xMq2q5mvsbZWyica6ypLSPqTZ1NYHqfTzGrdbTEUvH8FyDN",
    "slot": 0,
    "blockTime": 0
  }
]
