---
source: tests/integration_tests/e2e_tests.rs
assertion_line: 417
expression: validity_proof
---
{
  "value": {
    "compressedProof": {
      "a": [],
      "b": [],
      "c": []
    },
    "roots": [
      "DQ366kMe5qRsNQecusoD3tzJk79CT88MuPpRhx3nSzz",
      "DQ366kMe5qRsNQecusoD3tzJk79CT88MuPpRhx3nSzz"
    ],
    "rootIndices": [
      5,
      5
    ],
    "leafIndices": [
      2,
      4
    ],
    "leaves": [
      "3q5dSVJCK4Tk2VU9C4MaPPw4TdzKdtp1M5Dug3zERSx4",
      "2eoEsJByEcWpLTdaEwr1DB6cwXkFxqAVZnbvWoQSDm4V"
    ],
    "merkleTrees": [
      "smt1NamzXdq4AMqS2fS2F1i5KTYPZRhoHgWx38d8WsT",
      "smt1NamzXdq4AMqS2fS2F1i5KTYPZRhoHgWx38d8WsT"
    ]
  },
  "context": {
    "slot": 0
  }
}
