---
source: tests/integration_tests/e2e_tests.rs
assertion_line: 598
expression: all_nonvoting_transactions
---
{
  "context": {
    "slot": 279620356
  },
  "value": {
    "items": [
      {
        "signature": "66RiF213XVDFjL9znzncEBfku1xTzRY4AQpdozD3XuZe4vomUw4wLwimdrhtxThTaXxr9s6ooiexk42DJKypuUKY",
        "slot": 279620356,
        "blockTime": 1721924284,
        "error": null
      },
      {
        "signature": "65cSQxKcR12NBfZfKnLfac9Avm75AirhEZq1QkxeGWtqwpMprKKwWR1mgkAAVGipjNdALvbeRudkZeN2JVH4NRHM",
        "slot": 279620356,
        "blockTime": 1721924284,
        "error": null
      },
      {
        "signature": "64sFDcHR2eE8r6ytN2sW6poQKv2ouvRNnxCkkdaqjb5YZ3YwL7R3J7qYPxJfgTbuE8WHriKfhqMfbh3XncwB3LQo",
        "slot": 279620356,
        "blockTime": 1721924284,
        "error": null
      },
      {
        "signature": "64ExH7XiMwcqQqNf7HUph91P6bRNufr66dQX4EUiZfJyKxtEtC81twh4gq2UvmC4W4VCcf6DsTt1g6UT6uM7V1Z8",
        "slot": 279620356,
        "blockTime": 1721924284,
        "error": null
      },
      {
        "signature": "63xgT8bdrcAoAdnR3mgovyQVZTwGpbzujvgXxccaohF4FYpPpyPZb2PzpZYQr6joD42a1ZyMmtc8rCmD4KqfQGTN",
        "slot": 279620356,
        "blockTime": 1721924284,
        "error": null
      },
      {
        "signature": "639PGygcKMTLMfDVgnd8yWh7B7fSJ4peSSk4NvfqrAtmhKji623bhbc3Y2aagiJm7QitUDuUcLhaUbgZq3bXiuCn",
        "slot": 279620356,
        "blockTime": 1721924284,
        "error": null
      },
      {
        "signature": "62CXWmMXNwvdyFm4RRiFwQEHSsP2afS6PDnF6ZRUtbhsDGA83QZnqyov7igFkY7casqArTWx9Zwk8crZghYD3XuV",
        "slot": 279620356,
        "blockTime": 1721924284,
        "error": null
      },
      {
        "signature": "61ivsK4aBS4XTPLmGJHv2XxEbCwBcxQ5KiyzmVj7taK64xzYBZKrxcLrTi3BjomYAa3tvJ7THWRiQSZoD9qmjzHU",
        "slot": 279620356,
        "blockTime": 1721924284,
        "error": null
      },
      {
        "signature": "5zoD5nt28XAk8psGxcAS4vU3nvE5og4bA3ngepEN5ddXvSJ4v8Tm77PAekk1JcxtKdR1t2XV3YXTTZAX1fARYQni",
        "slot": 279620356,
        "blockTime": 1721924284,
        "error": null
      },
      {
        "signature": "5zD1VWk48mk7AHiUrwodERyXxKiPCWWRChrhHX9at7XShu719YFLEbZSAm8wVxpsD8Zi82j6T8hitW2qMLk56KbW",
        "slot": 279620356,
        "blockTime": 1721924284,
        "error": null
      },
      {
        "signature": "5ygLxUDrBtdtavRvhgDnp4EjKiMutG4Gfbj9JkhDkmqutf9H3N89x3aCTzGWYW6MZPUdrWo2A7gcZCbaUaQa7HHE",
        "slot": 279620356,
        "blockTime": 1721924284,
        "error": null
      },
      {
        "signature": "5ye1XsaFmLg8HfRaydrP7tYT4iiKpa5Pdfwr89qaJqQ1VMCXv4o2u3PSkLtB75mvhhYSaZiF9LTbBJGZesn6BLFq",
        "slot": 279620356,
        "blockTime": 1721924284,
        "error": null
      },
      {
        "signature": "5xPps8cpnUFe7j6LgMtqd6QwLF5PVpHCY62yiAMiaEGsYUVbbVy34GbUhkDg6u4VTADTsQPZfRVjgG4UEoaixMsX",
        "slot": 279620356,
        "blockTime": 1721924284,
        "error": null
      },
      {
        "signature": "5wxhkMSsuJ33zy5PAsa4dk2ttUZmHjVLBzaYxfCLhYYdyqtXM2xNPaDaaHkbaKZ4jJauBtqWyrUnaqKFMqA2EnzQ",
        "slot": 279620356,
        "blockTime": 1721924284,
        "error": null
      },
      {
        "signature": "5wjkJByq8Yk8N5fPj93JC1N3VbXiMZUX3DJXnWuwJk3DfL9pjdX4LtgEcGUK4gUjfa2GcvGrrwae5FuyuDcNHFsD",
        "slot": 279620356,
        "blockTime": 1721924284,
        "error": null
      },
      {
        "signature": "5wZwFpqaVVDSnJBQYGcefKFSLhsC2Er5ZqV3z9s1WTcmVVVRa4UXkU4f86sEKv4Lfov5keYLbphyshBeAacL2VYa",
        "slot": 279620356,
        "blockTime": 1721924284,
        "error": null
      },
      {
        "signature": "5wTiQNRE7BQAvPMDTwWKh9YJQzcfgCUqrNVF1HJJBzVVfHyjvZ6ZEhiEXkAUCpHyQ2xXBaoBuAmL1fuN9xc5DQ9w",
        "slot": 279620356,
        "blockTime": 1721924284,
        "error": null
      },
      {
        "signature": "5vZGn5NNyZkX4z7dkcL9xWwhbfExYa9GW1TpLuFzifUtwASNxRGg3TeEjkZDqxgQyg2cqzteGeeustoJtAuEpNtd",
        "slot": 279620356,
        "blockTime": 1721924284,
        "error": null
      },
      {
        "signature": "5vZ6aCQ9QuX75jMYmXpFGQiQy22hynAL7KTgXXisy7v84puYsi9nYpFnobZaDAr9mhpozuhowqRScpWPTprhrSJg",
        "slot": 279620356,
        "blockTime": 1721924284,
        "error": null
      },
      {
        "signature": "5uqX1UCPDFU8m6kz8amtSnCjQzKrSmyoXdPuvFLyKzmAcFWyVef45izCkUhbnsCS7MQPn5CiwkzFRNipkVAfYQoF",
        "slot": 279620356,
        "blockTime": 1721924284,
        "error": null
      },
      {
        "signature": "5sugdHgRMmVC1Qr2Tu6hZULozri2sjmu126ftC62zThyaBr6y6F6FXzK9PXrxXXX2EzaUVWNrx66Qb1AHpWyAJSz",
        "slot": 279620356,
        "blockTime": 1721924284,
        "error": null
      },
      {
        "signature": "5sNGumzrw5ztmNxEviSKBBio9s5XvjUG8QC31agYy9quHa642NQPz5vwzmg4tDgCQ8SxqTAjXjPmTDbWzEfVJNvb",
        "slot": 279620356,
        "blockTime": 1721924284,
        "error": null
      },
      {
        "signature": "5odUWvnNd4Lm7etT2V3jNV6NxDCHGfug9o2mYogeEmebJY3WG5zM64QkjhCRcjMXnVLt78pKdt6NQYGkD8Xj4gJS",
        "slot": 279620356,
        "blockTime": 1721924284,
        "error": null
      },
      {
        "signature": "5oDPB4WhC2Nh5E8Xn8BZdFACcX67zTbMP47hHhkC5N7bqMuFQR474LfKpjEPTvqvTDc9pxgd3D1quSd1L8oirWWd",
        "slot": 279620356,
        "blockTime": 1721924284,
        "error": null
      },
      {
        "signature": "5nsgBvfegMk6yPLRh8GGTwU6J7anGwYBfNqnb9C5ZMtak9Gg8jYBYJa3wi5ZMZRqhXM3ReGZjPiE3Hi3XUWkXWMs",
        "slot": 279620356,
        "blockTime": 1721924284,
        "error": null
      },
      {
        "signature": "5nbvNWzM8sZnLQGetv1YDUmTQKkbEu5gdpEh5SACeVJQfoA7SZmkRrXGSh18PC2Xw4yyTnNZVepCSKfyZeU4MAQd",
        "slot": 279620356,
        "blockTime": 1721924284,
        "error": null
      },
      {
        "signature": "5nBKTNS1Eb5rysaSpQ59uENPtfft8qU2SgeVLxyBgxLotxNUZjzMhV7Rmg5ghdgNpZycMFPE5HydJEW8BKnoipxG",
        "slot": 279620356,
        "blockTime": 1721924284,
        "error": null
      },
      {
        "signature": "5fXLLhNuHyEp47qvE1AUD1vmcenNBD3YHKyZzg76i1rxYYWj9ZZi5t2NZwhFLdgfAQSsHT2dKeLEaNhhGeMdyvV2",
        "slot": 279620356,
        "blockTime": 1721924284,
        "error": null
      },
      {
        "signature": "5fSQGD24NZANf29amEdXDBWzkyxNy6zcmqVY4HN5bXkg6Uk6Mrh62cN8sbR97GLDWVT2hcppbc4CCtTBX9Xybf1d",
        "slot": 279620356,
        "blockTime": 1721924284,
        "error": null
      },
      {
        "signature": "5egHvsh4Zi6ojVMx2rNgsXLbcBEGc73WDYskMkMDSMswMDXYSfWAG2opd65MVmZpuMMjsgdmuMcGjiqRYMgntNQz",
        "slot": 279620356,
        "blockTime": 1721924284,
        "error": null
      },
      {
        "signature": "5cTRun2s5mGvL1GpwWKBRUWmeBGGZBus2GG9qLDitFFcsreNNjMdS7z4SKq44MYekq3gjEfjbwjVb6QSakKbqTAr",
        "slot": 279620356,
        "blockTime": 1721924284,
        "error": null
      },
      {
        "signature": "5ZxfvDu8bT2G6SxHPgc4HLgGqR7BoKrC1m6B5bfBfwekRoFSxsXUAURCUEbrqEXDPMLme7k6uoQMhjboTHJBiW2F",
        "slot": 279620356,
        "blockTime": 1721924284,
        "error": null
      },
      {
        "signature": "5YLeVHtMeH8wnvhWj4ei2kWz3R47AESPmiVqpNN9iGHXnrKN5bdA6YtcFFb9pvrqkbrFMDGbMzHAdFC4DMyeELgt",
        "slot": 279620356,
        "blockTime": 1721924284,
        "error": null
      },
      {
        "signature": "5XNSpEbpSxH7GiEj45sevoCDHoVeDWJ98GLFLw61oF3USCripHL8rCyBKhWQ9Q1iJ3aVrm6nyfQbjzBX2Fbv2sZG",
        "slot": 279620356,
        "blockTime": 1721924284,
        "error": null
      },
      {
        "signature": "5UeKVsCpNZwMCaFwLVBVLMdZDaMjheiJAgF9FRfwAoxU5Gapkg2FYRmVtE5tmvSCf3pCdeGkAquFdPU3dKwjxovG",
        "slot": 279620356,
        "blockTime": 1721924284,
        "error": null
      },
      {
        "signature": "5UXLenWcLLWqBfCbnzBMryxRYbqAAAvBu8fdM8t198tFWFmbgVFWZrJKvyksp2aMrD6bkkcTAShZvZt2vP9mgzmx",
        "slot": 279620356,
        "blockTime": 1721924284,
        "error": null
      },
      {
        "signature": "5QJrU9T5oxvnEd1Mr4c8CmktaE6g61UT4TwHZmL3PQjoKarGB3grfsCyvF6a2JwaiTSsDhGe5yBJcTP5vfz3qpmx",
        "slot": 279620356,
        "blockTime": 1721924284,
        "error": null
      },
      {
        "signature": "5NYfuK6TeA8dAMYwqDKRy38H7vJiPDvohhZqNoEtRY9euRqy5kyocr51tQVFb7KRsho5crvnb5HswwfuC3hDwoLE",
        "slot": 279620356,
        "blockTime": 1721924284,
        "error": null
      },
      {
        "signature": "5MWGsHcYyAhVUm2mtrbPWP32ZYjsXks8VtPDLgFDfJ3SJefWbscuMtVKbemGZxGdKArjnrVaLgyKTnrtS7PttEnL",
        "slot": 279620356,
        "blockTime": 1721924284,
        "error": null
      },
      {
        "signature": "5L4U5X841DPymnbTKxvejWYZh1vCyzXngc1u6zu5rRFo2bigyDg2ZYGhCEzkBhLw6Koikq7qtGWRVQjr9jT1kbbQ",
        "slot": 279620356,
        "blockTime": 1721924284,
        "error": null
      },
      {
        "signature": "5KzEHyA1QCVJushM134ajEg65YBLAv68ejD62Q3Qacn4AU2JynbRhHAKmMctGkwizcFAq5NvRq5aaUC2x1vCPevN",
        "slot": 279620356,
        "blockTime": 1721924284,
        "error": null
      },
      {
        "signature": "5K4EYxkFcBK4DKdYtDWKRsmwVPQ8Pk8CnZr7t3cR1fRcGjFHDKVZEEPi4BsWAUwywMjeMVaYo2P63fFbho6TXQgD",
        "slot": 279620356,
        "blockTime": 1721924284,
        "error": null
      },
      {
        "signature": "5JWCRHXq8vtXD92uWBdcVrgPMKo25fjcDURLC2N6wkvY6EWMmKo1GoTgVYTteyGQUHtg9NL1WcUgTBMrUf9gqwoR",
        "slot": 279620356,
        "blockTime": 1721924284,
        "error": null
      },
      {
        "signature": "5Gw3Sq4VZsSAnbPbTSojtg59WN9zgTkQzCYbni1kDpyH77dkmYdZQs347CcyGNkxX4XKUni3FCqNJazhvgTMJUps",
        "slot": 279620356,
        "blockTime": 1721924284,
        "error": null
      },
      {
        "signature": "5GXaU7S5Ji58BTpCbAsDTDUDRvjbQSvNwMnQdbwcZ1HSZeRj44qqc3K62bFDtwLwcFaG6xqYGtk4oaq914FtgvSd",
        "slot": 279620356,
        "blockTime": 1721924284,
        "error": null
      },
      {
        "signature": "5EK2AebXsNXvHoJHsL5zmKrqFQUdwHmMXx9hw1RTdX3fTXNYhdVPEtC6fUZEtUEaHhAv48ggCxYQDpYy5ANSLHXR",
        "slot": 279620356,
        "blockTime": 1721924284,
        "error": null
      },
      {
        "signature": "5EJdSeMc4q3RapEzq8Yi55WKLp5t1ZPFx5zY1U8phiiVmSUgn7gJpifyRDqmsREGJixnKnmV471V4Xu6PLEVNbV3",
        "slot": 279620356,
        "blockTime": 1721924284,
        "error": null
      },
      {
        "signature": "5E4VQGhhuCSfnpagzFmSjWTCXBdsvo5iwmDcDyz9qaHWy3GWyb39sqgHiaYGyfor9pvby36xNwJ9aidAELSL9fZR",
        "slot": 279620356,
        "blockTime": 1721924284,
        "error": null
      },
      {
        "signature": "5BkgivP2m5n4KpJ1PMJioA3oNDiLs9BD85RTQ4Z5qTWt6fC4oszFaZccxKWpZ1Pv9RnQKrzCTdHUt4J26yZjoWjY",
        "slot": 279620356,
        "blockTime": 1721924284,
        "error": null
      },
      {
        "signature": "5AyhoHeMWH2hG4YK1LT9aCqFmrKtcb9pJYaDcAGnaYSBbGkn65HtrYeyAx3WPcg5BcJFKgBC2QuS726BuVyTPFcB",
        "slot": 279620356,
        "blockTime": 1721924284,
        "error": null
      },
      {
        "signature": "5AWFJL1TwwsiApPZDjr7GXwr1nF7buToa8BoTWyYBWMGA1aTrytVMt5cfFUQS7VZ8w9VdT2t6FKYwfXJCuF2tmoV",
        "slot": 279620356,
        "blockTime": 1721924284,
        "error": null
      },
      {
        "signature": "5AGQuMaQGLe6e2abE9W9DZrRoKsFh8ZVHEhJRL8QFoWfYbw3LNYS7mccax65L9AuwuKZAWcYK4GnonwJGyn34TKP",
        "slot": 279620356,
        "blockTime": 1721924284,
        "error": null
      },
      {
        "signature": "5874mrSAmvFeaXongp2mE3beBQ8keRzHApuRmqQ9sJ34jiiEQaWwhmMgGcmozjzoXubykLRtfZ7zmigL3biPh1Z7",
        "slot": 279620356,
        "blockTime": 1721924284,
        "error": null
      },
      {
        "signature": "57h8NWwVxn7Df7QSvn2JaUrDb7SmPE99XohzCtyEXTCMMeVboe5BNG9oM9reZBALwfoDtiX7rrYJxQS9JirYZHoE",
        "slot": 279620356,
        "blockTime": 1721924284,
        "error": null
      },
      {
        "signature": "57ZdT1uTgkvkuDHxk95YQwnd8KfZ7XHQwyQJe7Cagzy4nURi3A3HGpM11EcJ1CLXAhAkwUkjLQADZ9A8T9jGuv23",
        "slot": 279620356,
        "blockTime": 1721924284,
        "error": null
      },
      {
        "signature": "55iDic349VsT88wBzGmkQseRBPeYwSWhcW5UVJPHixJqTo7j6b81pjEQNogcZfuJQyL8JvEwoBjeZKg35xfYt7Hi",
        "slot": 279620356,
        "blockTime": 1721924284,
        "error": null
      },
      {
        "signature": "54h8s3qhCjSSXpi482hWc88c17omUgCWNLzC3HSkRoHU8Yw9mtUMkyZ232nsMjfbXjosUudVD7ELvfqk9829rko3",
        "slot": 279620356,
        "blockTime": 1721924284,
        "error": null
      },
      {
        "signature": "53TsBkXBwcnuUE9inzBeNPpBwrBogbESYzuqZhgvFg7hDmTJ3J94yWvfC7qzQSyFFDEo42uZZvsatDYWtgSeahvD",
        "slot": 279620356,
        "blockTime": 1721924284,
        "error": null
      },
      {
        "signature": "53921kuj8SkUKy4ZfACDsSYNjiHBaR45nrhHRdxPZuaakkKWdmKhRiLN36JxKL7iCYbKoqJk5m4hN3VCxTEtPi3J",
        "slot": 279620356,
        "blockTime": 1721924284,
        "error": null
      },
      {
        "signature": "52Zk1NFM7kJABEKQQ5cAX1xaDPmkNJw7wXGFLDXRGxk2ddg7EJgCkRvVEvyczGVgtRrXXZkMH96AKA2GU1jruv3x",
        "slot": 279620356,
        "blockTime": 1721924284,
        "error": null
      },
      {
        "signature": "52U5fuFH9gAy8d7MV8yxJ66drubUwe2PmhkiSp2JLBd3fi1tzEyQjzoRRpPwt2uw5v9cj5U1U7GjSDCYwwbtqRYs",
        "slot": 279620356,
        "blockTime": 1721924284,
        "error": null
      },
      {
        "signature": "51W9HzZWSTjKidVa7NKg2DHf8WRTJt6fukhkC7Xi2CGVHPD43WXbaJD77cszRH1bREPpzgdGox6d7xprDsgoGxrM",
        "slot": 279620356,
        "blockTime": 1721924284,
        "error": null
      },
      {
        "signature": "4yC4MKmFkXPsiLfAE7b3qT5uANk91mM5MzPkabZfEXFBFkmzCjsK61Y2reMUu544wbA7aoBF3L5HCBniSBh5ogvU",
        "slot": 279620356,
        "blockTime": 1721924284,
        "error": null
      },
      {
        "signature": "4xb4msDofxWzUUgNMjV11BUHhjjPoccT71UwkJyZ86erdFaGjh1jbKdnW7W1dfB7vuEHkmz3b6yjfxmHGZ5Rh9UF",
        "slot": 279620356,
        "blockTime": 1721924284,
        "error": null
      },
      {
        "signature": "4xWWezHd3TmZURA1Lau8XSYVqh2e32bkNveUqLX7JX7k7iwJjbQjLcqCFufFyVejKbtqKJ6oytXEXWMbQvMiUxnJ",
        "slot": 279620356,
        "blockTime": 1721924284,
        "error": null
      },
      {
        "signature": "4w1358CcevMXL8xoZAhhh47bWaMSC2jZn9BeHzazzmgWY9LaTc91tWZKHcAsPFRNDx9X6zNFe9crggaahQCBiHAS",
        "slot": 279620356,
        "blockTime": 1721924284,
        "error": null
      },
      {
        "signature": "4uLcG6Gm74gcRZm4tyErXmR2Lm5j4ZqX4x5pJx8Udpq4PqF1wr21TW2eRaWUVEi3ucZe7JyDCNZy9FTeaBuQHED6",
        "slot": 279620356,
        "blockTime": 1721924284,
        "error": null
      },
      {
        "signature": "4sW58EgAqXHkTSByzeLCkBmXmfHai7YmVToD6XGFxiECZT8TdnQyiZ7NAcRXk6JbsWSdPFBE95hHFX1idL4JrGog",
        "slot": 279620356,
        "blockTime": 1721924284,
        "error": null
      },
      {
        "signature": "4sMmMfTKp6k4StX6FRWYabPhc2nZ63eiSGj7pjdExSRCL4wkk4KjLBfYRrqXZMLg89WhkCTbqs3xqaQngtwGTK7g",
        "slot": 279620356,
        "blockTime": 1721924284,
        "error": null
      },
      {
        "signature": "4qou8MPfvM3qL9ZqbjxrLd32S8GJxko1kbcLayQxSvYVrBBjpUXtM5FtEdJ8WLR7EshUjrmkUTmM3FtQK3N7w1aa",
        "slot": 279620356,
        "blockTime": 1721924284,
        "error": null
      },
      {
        "signature": "4q7Z5LJk3c6NTwwMtsxXuSvm337adK4P8mPCidCuhBdeRf88K2uYd4KjvXM14YkXaViFJ8FE7o4dxe9aD4zgNNun",
        "slot": 279620356,
        "blockTime": 1721924284,
        "error": null
      },
      {
        "signature": "4okM1dTYqutWho5MsNvpktmHZEnELY85jQp4HREYdt2UmG5MafzvUtjuuwZ6N7M6qYvMveCxK6G6VRABVyR7RBBy",
        "slot": 279620356,
        "blockTime": 1721924284,
        "error": null
      },
      {
        "signature": "4mUeZVJ4sLgashfu8VxyVPWUEccBGLdnpZv1fWAnbJc4NBYYrABCsJ2tWUcYzizVmDZ5WMf5r8XiZQTMCQrj5Zwg",
        "slot": 279620356,
        "blockTime": 1721924284,
        "error": null
      },
      {
        "signature": "4kqKQ1pKYHGJsPbYdUdrcjv1dNYNS5WboEkuYzBgMUiqs9dJHMYf7HQLBqxFPv13uEM8rdspwzMBb7zutb8bZ9VM",
        "slot": 279620356,
        "blockTime": 1721924284,
        "error": null
      },
      {
        "signature": "4kLWRdkGx7RJKxMN2QiaRDPcQvXboKFb5ukUgJdYvDB4QxaXByXoVR9cSRgjXU9q44CuEiQ1wwi3jEAsTwxtUyDc",
        "slot": 279620356,
        "blockTime": 1721924284,
        "error": null
      },
      {
        "signature": "4iT1M7AgYBYUsvi6AChNQTQbpdERq9bUTgKkGvseVPAQhww2V85WaXptPag9jTHjW8ybCJuBdxc3xuuaWAQXQknm",
        "slot": 279620356,
        "blockTime": 1721924284,
        "error": null
      },
      {
        "signature": "4fxS5b5AsgMFNagvxhE7y8ke1sQSpzHUVV96LGrYE3nezA5Mifedc8aSVnaiVrz1mdCim7jdN2vkbg8XiUyoDgGj",
        "slot": 279620356,
        "blockTime": 1721924284,
        "error": null
      },
      {
        "signature": "4dtaBNW8ZjBasGCYXsJWmukhbt41KPmY2C3TLAqsHsXTTf9jnXRGDFf5GKQGXL5mpWUrP2fRn88ADgsiZ8qRjkd1",
        "slot": 279620356,
        "blockTime": 1721924284,
        "error": null
      },
      {
        "signature": "4cyRWQh5GZqQfiE6NYoTaVaxA68kRpeTa82U4hftxJZLG9ZjjEW7n6nuadAY23pnngCy2Htx9x2ESk3Q37rM2q8i",
        "slot": 279620356,
        "blockTime": 1721924284,
        "error": null
      },
      {
        "signature": "4b3ZUrWNh3PjLQMFsX8y5ypPizZDUYj7JbVRzRhhCGg5JwHjk9tFMYcBB2s1z3DWsziKK8WJvVMVb2ieeTuumsLN",
        "slot": 279620356,
        "blockTime": 1721924284,
        "error": null
      },
      {
        "signature": "4b22ji4VRLACHDDutwRHeqPwcoPnHuhLSygz3p8JAkzHijWLDYnYC3apYDNhP6TuJS4KWE4nek4WD5DyvLb7dgcc",
        "slot": 279620356,
        "blockTime": 1721924284,
        "error": null
      },
      {
        "signature": "4aySsVzfZQAXmnKdrs3yQ1pqWw3XHVcnEh2xFciaGBJnimLDkvgqD8etZBEZedNCuFZW4vBogCvTpRN8NMX6c4Gv",
        "slot": 279620356,
        "blockTime": 1721924284,
        "error": null
      },
      {
        "signature": "4aKXvskTt1sB9jpTJHLoFvzfbkKmDnw68qGFxMAyfvPkNVXt5DAdyzqgmbwtSCWibJaRvpi9qYZrj8GpPw2iAa6r",
        "slot": 279620356,
        "blockTime": 1721924284,
        "error": null
      },
      {
        "signature": "4ZHBtUcqcArAWXZpmULwbB9CeZ8zuGwEBKG1f3hNhVSipfP2HRouGagetGRQC2TmkPtbuPWggwvBHDNRRDXctyn8",
        "slot": 279620356,
        "blockTime": 1721924284,
        "error": null
      },
      {
        "signature": "4YqKXjMqbEphkTSLL7eVR4vGYVvYsPM32UsdjF7iUpDX5FvZgZCcdmdP31NbU8Z5FTkpjv58vzGPrFej8VTR2dev",
        "slot": 279620356,
        "blockTime": 1721924284,
        "error": null
      },
      {
        "signature": "4YXVWoqPGVQApuZTRjY2PAt5WGLMbAQWHPJRw2LhWHy52VhZmQqggZwap7Kz9QrQumqjQjXiyheNZ5PgMei5TEJn",
        "slot": 279620356,
        "blockTime": 1721924284,
        "error": null
      },
      {
        "signature": "4YTDxmcHbsSKCHEYbSidY7dSgANmtjbreUUvwiPq6JXzZP1dfARGJrQH1pcxWx7gXBQUyABydTqEdcHifi16DvAX",
        "slot": 279620356,
        "blockTime": 1721924284,
        "error": null
      },
      {
        "signature": "4XgdstJ8zZjxbcN9QGKoEHkNTzHk14qAh78CwVrgYayDccdc2C2sNJqpTrhXLzpgYTWZEwRBZBqM4Fpous6Wqu4Z",
        "slot": 279620356,
        "blockTime": 1721924284,
        "error": null
      },
      {
        "signature": "4XDFW42K5Ybwkf2MckMCsQBSCzsxCfYsJ8XkqRzmYqKUeJ788dpGS31buTuy5dvWKW8BEpAkxVyfKu9s9WZqdgHD",
        "slot": 279620356,
        "blockTime": 1721924284,
        "error": null
      },
      {
        "signature": "4XAfmxoHGhQHmpTyic8JvqEDZecLBoXb1YuKTY9KWj9wDYje3TYzKKn7d1nUTQzsat8Nko2HyVu5q6Yb4QVybjaG",
        "slot": 279620356,
        "blockTime": 1721924284,
        "error": null
      },
      {
        "signature": "4VXrJxCKWHTPD69yDhFd8utbLE4D8keVSDrEEjXpGL22h6qeqMwFk8Ahm3Qv4zqb2F57mKUoRXEmyws1nBeFznfp",
        "slot": 279620356,
        "blockTime": 1721924284,
        "error": null
      },
      {
        "signature": "4Uve8YuKmETsPpDdN9fcFCVEts3D4EdYM7UyRffb9WhEd65rt3VyNcNhEsLkvP9UhjoJW76G1Yrox98tU5WiAPnb",
        "slot": 279620356,
        "blockTime": 1721924284,
        "error": null
      },
      {
        "signature": "4TwQ4fXqtPMKNWUyEfC5n5s1Et1yAtExRy2YJpxwAvvZXSQjZnenPh37igUACsMrdAipS43fKndqSHsbR9u5ZWKc",
        "slot": 279620356,
        "blockTime": 1721924284,
        "error": null
      },
      {
        "signature": "4TfmUKw77sUfifbvMKe5uvY7ajpiSmwZR25ApPxvyut6CLwRUsytBMrbVTwgvy4Ts7LCMDuwHY2BTzbxir3tAouw",
        "slot": 279620356,
        "blockTime": 1721924284,
        "error": null
      },
      {
        "signature": "4TGnbbDmW4XhWGKqf4ZjsqL7xe5SNsm3b3SXz7S3s5oVKd94VxLvmM172Bpk9XGEZnTsUcAFkd5F3BELT8uYd4Ww",
        "slot": 279620356,
        "blockTime": 1721924284,
        "error": null
      },
      {
        "signature": "4SHJm3w91Cigkmguw8m8ikSuVdvHpStQAY6X6TdML8KiSVmwtFjXvXqYbPijZHjx9LbGAUrw6v84xPrMsykxqMFu",
        "slot": 279620356,
        "blockTime": 1721924284,
        "error": null
      },
      {
        "signature": "4RQm3J3gAQizTxL2zwPQbHAT9C91jx6mrBexkVcDVh8P4x8DdcF5A2iko1hRBteJbdcVApYSdFzmFWBhxzDLqQ9F",
        "slot": 279620356,
        "blockTime": 1721924284,
        "error": null
      },
      {
        "signature": "4Q96cXRGktJVcGQ1ZPJ7UoUuvNspzqjJWBXf4WH8Sk6sDr24FFv1MFxUNPxsfp6gaPsZGbi85wAM7db4U6u2yYtC",
        "slot": 279620356,
        "blockTime": 1721924284,
        "error": null
      },
      {
        "signature": "4Q4mqaQztoL5GuyXgDZN2e7t17Pj7WPK2zkT2ucSVxx4hnKpZsB55Ff7jU6XX1WLR23adbMw5C13mbbzKfvffVr9",
        "slot": 279620356,
        "blockTime": 1721924284,
        "error": null
      },
      {
        "signature": "4JvAiH5SnB6wR7w2fJSkPpnSEJM4384MpwRK2v9uY8HdZt96oxqGEBRVhWZdKpDEDCsc5FDdL7LTTJf7EZrcyEKB",
        "slot": 279620356,
        "blockTime": 1721924284,
        "error": null
      },
      {
        "signature": "4JTYxof15jeJyaPx8ZzNFVUz3hRbUo14GHqgz2M24W4kNB8iqxEiWXyNnA2iXmq936a9A7a3CmuL5wj4ZKbaqiJQ",
        "slot": 279620356,
        "blockTime": 1721924284,
        "error": null
      },
      {
        "signature": "4Hw6N4Cu5fq8rcCz9zin9hhp5ZWXLiAn1wdC5V2GePXf2JWMzozzvAxaUtMnDMWgwfZzfULUgkXAq2DzS8PayyiE",
        "slot": 279620356,
        "blockTime": 1721924284,
        "error": null
      },
      {
        "signature": "4F5eo8xGFu2JmcgU6bs2hHPSEvkTC3BcTGzwWWc6UYASFaxnn3abQ8vDid3KUCThWYPhsnJVVGpGhkjS9vpKietZ",
        "slot": 279620356,
        "blockTime": 1721924284,
        "error": null
      },
      {
        "signature": "4DjCXJfWjwRC3GYCzTYDhZVRESGLuoBKkZ6qoTjCFpZruVn6u97VnC6uuNKBVfqvkMDVbmVjBhfWqKNJmFUCY7w9",
        "slot": 279620356,
        "blockTime": 1721924284,
        "error": null
      },
      {
        "signature": "4Cup4Ncu19Xzn34MfLsdYAJPkjWJwQUxqrKnR3gG3E6tuWLHG6C1DCdxKTqNPGRNLAonGPP6QHv7vWfSPHic1cdh",
        "slot": 279620356,
        "blockTime": 1721924284,
        "error": null
      },
      {
        "signature": "49V5s176xjrzB8QNJYWkSAPYoa5HBXQ98k6NxonJxCyuYSQ8NuczZSfoLXHHRnfbhQJrgc1pN1FXcs25kEmaqgD8",
        "slot": 279620356,
        "blockTime": 1721924284,
        "error": null
      },
      {
        "signature": "49HjLjkYvV3V5YexpzWSWXfGEar9nVmGkSNok7o5A9mgbTr2oQDLUwQqYdEShsDAMx3dWcy43aF5fjbLUbBbsZnX",
        "slot": 279620356,
        "blockTime": 1721924284,
        "error": null
      },
      {
        "signature": "48rVAMK8Cb4AJyhS9FS2mexQhWFTEhLxTixNvjKJ5NP7P35CHebPC6Uc4UK19PBrYGRxoPZ21Wvu6PZ7ucUjKTiA",
        "slot": 279620356,
        "blockTime": 1721924284,
        "error": null
      },
      {
        "signature": "48iuRULzjUh38TnChYcdz1SyMaYNvD7yZAdpBWYDUkXXWrvHHJGAh8qhxcyouuJFhaaFo6ENZBP1megVSkgqqmjv",
        "slot": 279620356,
        "blockTime": 1721924284,
        "error": null
      },
      {
        "signature": "48X98gV6WgjpCPkZZYdtxawjQCus3or5AVRXBjje8dSWW3SU5KQ68vfWb56cnvDJgBQo1EzhHjUb4u6sLRqs4YRZ",
        "slot": 279620356,
        "blockTime": 1721924284,
        "error": null
      },
      {
        "signature": "47L7tSk6n85gd6Br6DsNfbPEUtTszU9pTA4m59RrbZZkR7b3cvg6WUA14XMx76LBV6T82YrPAvxRrjnaDw2X8QWX",
        "slot": 279620356,
        "blockTime": 1721924284,
        "error": null
      },
      {
        "signature": "47BDLDL3cLtMGPxQTwFeoNHwTxUoQtrhatQJujGWLHNseMgPUHvAskMbszovJ1ay7EckguUFcRoHVXga6UnZXw2e",
        "slot": 279620356,
        "blockTime": 1721924284,
        "error": null
      },
      {
        "signature": "45U84Za9yW3Y4Usubq6LJY1R5Msy1Xo1eGSdXdEC1REtGQPQeet3ScZ9pzDjCpHUXTV15YymysMCPp7gcR3G5qEC",
        "slot": 279620356,
        "blockTime": 1721924284,
        "error": null
      },
      {
        "signature": "44Y4MWeghD2UPSTVCZnkWgTUVG2kbjqX6qhSd72fmfFpwWfQPg5FF5iqMspWRjSznyWwr6gc3zWCGPtFPxriUP4T",
        "slot": 279620356,
        "blockTime": 1721924284,
        "error": null
      },
      {
        "signature": "44MRp127BRSJCUkoRdM3PpDoRUcDhenvCpZpmpDBq1WxabgmSp7dP9mj6CF81wxRHS1q83oAUaKk5xzPtmUinBCo",
        "slot": 279620356,
        "blockTime": 1721924284,
        "error": null
      },
      {
        "signature": "44F9skiY6d7rZskZfdikqMZ6Q9f2vc1QRTNmpojWSWFqLQmGQJNnA1pGNSEMvMQKQPwJgKzhkEeqWkVczz41dzpR",
        "slot": 279620356,
        "blockTime": 1721924284,
        "error": null
      },
      {
        "signature": "44DVJCdmJ9NH5cgME5s7y8iV1ATpAMygUKMmwBr14W8fWhJNLyXRikNa1JGQkhjzQhwnfSvcXn9RmjZDgqRjDhVM",
        "slot": 279620356,
        "blockTime": 1721924284,
        "error": null
      },
      {
        "signature": "41tgMXXH9GPZzJ2D2sCPpjFTFdggYpR5Sb1GQqkVa9zPFGJwiXQNmzctpPSBmJaJG4t4BUUv6jgPrWeVHrfjncBh",
        "slot": 279620356,
        "blockTime": 1721924284,
        "error": null
      },
      {
        "signature": "41Npha9a8UKb79yu9AXzpMrRXVCCKUXu8sat8bhT6HurqFzga6fYGWxgbBPeETSSwtjWZ3A1LH6xfFoAAcA4Qtn4",
        "slot": 279620356,
        "blockTime": 1721924284,
        "error": null
      },
      {
        "signature": "41JyrwCtpLphtt3LdVqpgKzp8pkVBBa2duQgrGff2BkafxCJuLp5hyEN8UWYyf1FMJ738SKJyRM13r5wqy8a4EL2",
        "slot": 279620356,
        "blockTime": 1721924284,
        "error": null
      },
      {
        "signature": "3zdFnPpxuhQuwaHoTB19VedyGFTkdiP7288zq4Cnk8B6LbEH6aZsMW2KWkhTNWrmxSgUdo6pBvgR3dM7QDTmJQaj",
        "slot": 279620356,
        "blockTime": 1721924284,
        "error": null
      },
      {
        "signature": "3z277HGBQktJcgRUHEQiRaDXueF5QLNoBFh9LABYPkUxPrGM8ki8fCGC4H2aVNcdNsvPjncX6CXtP9A5EzywMDPR",
        "slot": 279620356,
        "blockTime": 1721924284,
        "error": null
      },
      {
        "signature": "3yyhqQxB1vcPZSP8Yu1jSDw9iJLnUTdoPKwDXBnfFNVAo75wPyex6aTPMeMDMdAtQX5wqEvChoHeASjMYkZTQz3N",
        "slot": 279620356,
        "blockTime": 1721924284,
        "error": null
      },
      {
        "signature": "3xu9mFgt6QpVGSSyLPDvbLuPAbLyCHp8ZP8B5o32ge8EtgQVUMFore9qztEij4csVfzo8nYjb3fQc1q62FwG1Qmg",
        "slot": 279620356,
        "blockTime": 1721924284,
        "error": null
      },
      {
        "signature": "3wg5X8UJrEsqSMbGtYA9GWhfGWY7AU2XoVnyhL6BHoSHWwXc7apLXt2zA1dhk3UPDMWcqf2DbBvStdu4HbVmuT39",
        "slot": 279620356,
        "blockTime": 1721924284,
        "error": null
      },
      {
        "signature": "3wfhPJhSMtbN7YFi6g1bERhAK6ZokP4ECDeu1wK6kY5m8P7xhXSdRA93j7E3c8iCTWGZTLv8Fsch4GTTszmDG5oo",
        "slot": 279620356,
        "blockTime": 1721924284,
        "error": null
      },
      {
        "signature": "3wTsBHddyTP5WJiYyR3QjiHrDjQ4QnTWw2DHQFmUidRrEEUJMdMS6KeA7AHahUAQS2P9io61pKxKdM3dFhi1hc6M",
        "slot": 279620356,
        "blockTime": 1721924284,
        "error": null
      },
      {
        "signature": "3vwmioEiCWry7tWRSXd72pQsRXARQUryVARqEUEZnTvxxFEZRuWRRjywzS6jrbXzpsoQE7mmZkXKAtnTwRKa5ZjS",
        "slot": 279620356,
        "blockTime": 1721924284,
        "error": null
      },
      {
        "signature": "3vT8HzR6kZWJ3D2NQHc6BQWbNPa36Mw9fiME4pJgMjyMi3svqB7TSuDmEnjKzb8Tz5jC4C7f3VpsJuKAg2FTk3ko",
        "slot": 279620356,
        "blockTime": 1721924284,
        "error": null
      },
      {
        "signature": "3tkxLWnJVLFhBa1TGYhNG4CN2CoGEWuJP8rB69T2Fh1XW4aESHiiiRdkucYpEq7LHp6NvubMFufEr88uvvbtuNbJ",
        "slot": 279620356,
        "blockTime": 1721924284,
        "error": null
      },
      {
        "signature": "3tCr6EmZ5h1xwRswunG9eMp5vp2W6MRmJbuRXKktA6atiB8XC5vAgGzr9B4vTyx6j1XTgLfPn6Kvdtm6YLwX8aeJ",
        "slot": 279620356,
        "blockTime": 1721924284,
        "error": null
      },
      {
        "signature": "3piCzpZjaJGZEvmmroLxRmohoR4kdyFyHJM9Xh9Ap6GxeUM8ChZvQqABec9xn5hC3nhAQbkzzz3mVdSFC72Xx3f5",
        "slot": 279620356,
        "blockTime": 1721924284,
        "error": null
      },
      {
        "signature": "3nG9hXtApjKbFmUvXkkJrrKvYHVqdo8d3aUNrvaXXsTwfjzGCpBtEdkVEM4c8cCEnFjo8Ao9y3KesvooFZtacMSZ",
        "slot": 279620356,
        "blockTime": 1721924284,
        "error": null
      },
      {
        "signature": "3mZ9Gej3vgoqKCg169nwPaXprv9be5tMwA6S9r6bvcJdnQEr7tw6icdoZ77jYwaG7j8Yi1F21XX9f1p337EPtoxY",
        "slot": 279620356,
        "blockTime": 1721924284,
        "error": null
      },
      {
        "signature": "3mPBww2fPhBCSYLWctD41XhCdbhqnn1hJX85Fywa8bmcx4dstXd3CjkwxtgtyUVZqeFAKA9BEvNW1iGDJFDKDgY9",
        "slot": 279620356,
        "blockTime": 1721924284,
        "error": null
      },
      {
        "signature": "3kajYJY27cyJeodRfEQZHg6gyTqvYo3hT6HACw9tbD2SfrvPEQwvrAk1ksCjC31g2PEghPYTaDAbTcBSiM4uDPsa",
        "slot": 279620356,
        "blockTime": 1721924284,
        "error": null
      },
      {
        "signature": "3gwUbk1q1v3G2oueJ5Tv87WJcXs2rmZe2y4tPsKRm5XKEQ5K6zyhFWfxQkaFtXGTs2YySUAxnw4G9XQDauBv4S9j",
        "slot": 279620356,
        "blockTime": 1721924284,
        "error": null
      },
      {
        "signature": "3gRmj8xZhYR6rmB4CvYY43Py24KJxaBJrfk1GmcKbw3Bm9pVhawc6jkjhTwwpi1fsi5dyX7HJDmXqHtorHk6PV5C",
        "slot": 279620356,
        "blockTime": 1721924284,
        "error": null
      },
      {
        "signature": "3fXK7zvJ3sET7fakvzu73oYAs4RX3ADnJKJzWtuNvLLYAW3ZhtnNapMAh4ZGRCjhsrfmPCP5ypv7sRxr7Hbkoxvq",
        "slot": 279620356,
        "blockTime": 1721924284,
        "error": null
      },
      {
        "signature": "3fRL1S9AjnuKXdSMgDVsMv3mo8ruQghiKhJbkVQy4rP3gTtiq5g7wb3gXKm3emEsWMCjETAbPVw2wRirCbVi4XwK",
        "slot": 279620356,
        "blockTime": 1721924284,
        "error": null
      },
      {
        "signature": "3eVj7iSZFd27UHtTXsypeR1q887rqTPDmwiTESZXAXhMqDsg3FRuiCoCwWzLxggQZyMvQbQk7wuoAfNTYbwE3MBN",
        "slot": 279620356,
        "blockTime": 1721924284,
        "error": null
      },
      {
        "signature": "3eRNwCQy9nNubzA5aq6NZ8DsGPRKmffFv6gBiE5RP7entF1VPCSNyNS9tXLd74tkuADrkmJx7Eqsh9oBkXACsnRf",
        "slot": 279620356,
        "blockTime": 1721924284,
        "error": null
      },
      {
        "signature": "3c4ATpxPUhLPbsUN6nGbmMzQaiSn3udoEbLVHEgrQKLjniHVPA7LLGZ8zPw1oXHNkUGQAaNeVpcXM9QwEQXinAAY",
        "slot": 279620356,
        "blockTime": 1721924284,
        "error": null
      },
      {
        "signature": "3biehCNnBbbPsCgaBRt5xYNAwZMQAvNvp36SN15tpbNEKMJZyj2K6eNiDXe1vVFYSjvi8pd8qxYP7YrSMbCukBFc",
        "slot": 279620356,
        "blockTime": 1721924284,
        "error": null
      },
      {
        "signature": "3b2Cg4RZyTDqrRARFCxAnx2QhargZ3foM5a5eyKag7QvfrTtag7PTHFaxoLWVwkU3k77JMrYBCBqkdTwbsfnRdmo",
        "slot": 279620356,
        "blockTime": 1721924284,
        "error": null
      },
      {
        "signature": "3YW8BhteNot9Yij7eFmv1aHRLvwDBq9sbomcKEPE4K3M9mZyYk8Wf1NhUbcQjngn37VLrwceUV6VDXgNz4SyfNMz",
        "slot": 279620356,
        "blockTime": 1721924284,
        "error": null
      },
      {
        "signature": "3YT1qEzPGGa5ZR33CXiWSvbcVwb3XkhKzea9Npqv4GZMqL9LF5vZnarzgi73DXFRteNkY6osuy1p6KWZ4tXqTSLh",
        "slot": 279620356,
        "blockTime": 1721924284,
        "error": null
      },
      {
        "signature": "3XfNgHhVFfBqTjDfPiycRd5AmRmmu3G8jdyPAhd35wLnkdt4MZJaL2MEcNBok2eGaPsw5S8KF4mcUmQ5zG22Q555",
        "slot": 279620356,
        "blockTime": 1721924284,
        "error": null
      },
      {
        "signature": "3XMxv6Qj5TEzk3gxZzE56qkioCckFj1VqMKEgXk18kpGLABG9PkrfCzuUCcjmA9L5YSRgFT1ZrJBwT3nQvF8KRke",
        "slot": 279620356,
        "blockTime": 1721924284,
        "error": null
      },
      {
        "signature": "3Wuqpzz1oHFYzRSz2ic2dQkspDr5gawcswgbku56d5FHoE6Qkno4PgXmRxURJzzycGb4WTmH7tAxHKLEC6fLa4N6",
        "slot": 279620356,
        "blockTime": 1721924284,
        "error": null
      },
      {
        "signature": "3W1u7nKdyB4MQPLA5mHHwW51LVXvt7RMJpH3Ruq9L8RkzKFEWt8cY8fU4aVAbmszrcihfszgMGGVNZwbLspWvFxg",
        "slot": 279620356,
        "blockTime": 1721924284,
        "error": null
      },
      {
        "signature": "3UahuvyhTYZFpsQhWA5c94icSBo5epTQjZwecXhMGv7kJoZxp8MUWy4r3ZuKejjnC1nagtFde1fLCUqdxTkYnYbV",
        "slot": 279620356,
        "blockTime": 1721924284,
        "error": null
      },
      {
        "signature": "3UEvpNXiAVjX3EieXqyZA8FSscGqYG6KTAUGraWjaH7nE2KrVL2j9TLkHq3Nzc6UTUN2p2vGYesSxH8q7Et5Gcwo",
        "slot": 279620356,
        "blockTime": 1721924284,
        "error": null
      },
      {
        "signature": "3Tj9sKoeyT14oMJyjcLkJJw3vaymGMP3qouyYosuYx79eXyPswysFUbFrrWVWfH26Qt5zEW8oaVqDQJZf39FxqQK",
        "slot": 279620356,
        "blockTime": 1721924284,
        "error": null
      },
      {
        "signature": "3TcsPMiERy3Wb8Z28hj7XgXTitERBcsQBZPjHBQLhVoM8JnD96w1UnswLCWQ1NPcqaxGM1bzpDsAL1UVenDDmwxR",
        "slot": 279620356,
        "blockTime": 1721924284,
        "error": null
      },
      {
        "signature": "3SoTR9nebGX7uYgBXJjUAJjePLK4PynLRg8V2UP8EMWZQa9Pwo74vBBuxEFsGpQdzxusriKd7zUaRnuHH5jg34xf",
        "slot": 279620356,
        "blockTime": 1721924284,
        "error": null
      },
      {
        "signature": "3SkGBrfYZEhE24QCsWHumRd9xXKm8pdob8USHa6esQBi9h8LyTvvpmdYYvcjAdCJgDmGh9QrYQ7pdHECj6hMPGqW",
        "slot": 279620356,
        "blockTime": 1721924284,
        "error": null
      },
      {
        "signature": "3PPex9AfbNFTAD8gg7FK42TFpPRqQMFRzh3KF78ManQpcSLtwNHeJJ6ujs1yYrFs4TfEbfPNqyArZgWkbLK61X38",
        "slot": 279620356,
        "blockTime": 1721924284,
        "error": null
      },
      {
        "signature": "3NxASuu7FXRMzduVmU9hhVC3Fn8sxbkqi4EH7EVdQLVmDUxDJ6dc35x3G3JLzJ3Y8DQHsWdNFjrJns3xj5bVrQPj",
        "slot": 279620356,
        "blockTime": 1721924284,
        "error": null
      },
      {
        "signature": "3NFLuivLsopk2DRXzR9f6NH5ctkFwNe3PetLRbYvTjzzEK5XdJ2qsroJdNYFBcRHJDiEVDoZL4DKC25bk63JCQ9v",
        "slot": 279620356,
        "blockTime": 1721924284,
        "error": null
      },
      {
        "signature": "3Ji46JvFmz252vrzgN5bbychR2JQs5XpgP88uV6nYJwqGUKDGGYCgYsNQTaCAR6LQttr9HSzeyX298rDuufueq7W",
        "slot": 279620356,
        "blockTime": 1721924284,
        "error": null
      },
      {
        "signature": "3HdCNEDuWpMzgzQS1M6qd2Xu11k1yotUxsuBaURWQKSLjFQtQmEknfrCDyS4FDuF2toZZDDnGEFS2gX9LtfJ6yrv",
        "slot": 279620356,
        "blockTime": 1721924284,
        "error": null
      },
      {
        "signature": "3HHmmwZ7oxEc93Zoi4EfzCduV1VM9RJpzSRhNi2Rq2i7fFW31eETTG4pszH9983rcDkH78zawGqPDgpLtbGwKQKb",
        "slot": 279620356,
        "blockTime": 1721924284,
        "error": null
      },
      {
        "signature": "3GhaQxUjsSQG4CCiY9gpMbtWo8rEg5Jc3cHpc4YDpdA8QF54ujfNdYmz9mj8Sb723Y1mTNaqvzg9LzUHVXJYct6w",
        "slot": 279620356,
        "blockTime": 1721924284,
        "error": null
      },
      {
        "signature": "3G9PoDkDFJEFJkZS5C39kZQVrCwjSNkgdvTZmcnHhPoWjXWT5p7uCYCMgh946uyYmUvKzpS4sDwS99dB4Wd6cTQZ",
        "slot": 279620356,
        "blockTime": 1721924284,
        "error": null
      },
      {
        "signature": "3G3tECcyLDV3EqxpanDWZsVETH54iriLAHxoDK7Vhh4oBU2kEiycuaweT5vQgp3VKtWib2fcvf1yM9U3M9z6j3w3",
        "slot": 279620356,
        "blockTime": 1721924284,
        "error": null
      },
      {
        "signature": "3FaXBjGtXCwUvfugtAjQ3n9eP8xfj7TE37T81WgSYhrkCcxy9ed7DKyVvXozkQYTRYkuRBohRNDWCvmksaUZ7Wyp",
        "slot": 279620356,
        "blockTime": 1721924284,
        "error": null
      },
      {
        "signature": "3EfrDCttu7FtEvAVqJ841JBKBSKgbRhDSgKDk36ogRbzPsn9rE8esBQsKr1ug8Fg86YDnDK7XLCgmVNSnjpnXK8J",
        "slot": 279620356,
        "blockTime": 1721924284,
        "error": null
      },
      {
        "signature": "3EcagZ334mKZiabnqy6sWrhEjoUVAPHUG8ucvPMQBPSBz3ohuKJEgQjK41ZFJHawQa4XNNdapWeyoDfhKiyBAETE",
        "slot": 279620356,
        "blockTime": 1721924284,
        "error": null
      },
      {
        "signature": "3E8No7s4wAz6iHefrYMHJGpZ9iWqJXAso7mHHaxEReB9QckHWLr1atQjTWbnRuvYR58aoUGRCXDbmDJ5f7ZB5SHi",
        "slot": 279620356,
        "blockTime": 1721924284,
        "error": null
      },
      {
        "signature": "3DMr9cQAY4tCXHLtfxnBbRpH32ro79M6mM2sfnyQcnEgfhhFKuxLc5CNaLsKr9LeMbPNbkYeVmFr2tQcPUHU47Ks",
        "slot": 279620356,
        "blockTime": 1721924284,
        "error": null
      },
      {
        "signature": "3CKQvqkKycKwSUMmxpPTK9pyMsxT7TGGeMBp4FshPXHDbAQYuT9K1W13Zsc2QZWy6tTcf4VQgQnWrz2VmgKTawjj",
        "slot": 279620356,
        "blockTime": 1721924284,
        "error": null
      },
      {
        "signature": "38hrEg26JrLGKxRPY7DGXemWLHjSiKKyDNDpMwDWokA87J4RfPjf4gqu6zxWrN8eVyiz56hCFL3qToarASKBcMcy",
        "slot": 279620356,
        "blockTime": 1721924284,
        "error": null
      },
      {
        "signature": "38aYziy59g4iwSgjuzkWXRAqZYzH7McZxNXKES6cpqC34ov5wq9UMt2PCiwZ4kpwP7tNMQVrPFnPPH1uaGkTH3ip",
        "slot": 279620356,
        "blockTime": 1721924284,
        "error": null
      },
      {
        "signature": "37cr5tq2etJuJEwUno6szYsDyhNkSudsjEFtNrwYS5TwcXL5qj1pEUcNRe8hgKqM8RCuo4YgPQcxs2MJ1MNrjecb",
        "slot": 279620356,
        "blockTime": 1721924284,
        "error": null
      },
      {
        "signature": "37L8F2rA23m9qwkEQc9hqKAY6SPNteBhk8yxN4dUf6wsKLjfySfMtiY2tfBRn8Qm7Ku7Vo32biZsamAtBcDHc8nh",
        "slot": 279620356,
        "blockTime": 1721924284,
        "error": null
      },
      {
        "signature": "36kPVr5VShmPMKj2B5jXmAhXSHocwKDiKxz92bGJhwen3oZuzrSnSQSXjsShb2EytQso1DQG5djE3nhZUmZdUASY",
        "slot": 279620356,
        "blockTime": 1721924284,
        "error": null
      },
      {
        "signature": "35xbhu3U6NzaUztEDZJZtZXc4ZmzAJ3ai6mfczKR3tt4apJgg7amYnfYqLzcaY3uEzo3QwKBuHf8E5u8v28mzxoR",
        "slot": 279620356,
        "blockTime": 1721924284,
        "error": null
      },
      {
        "signature": "33mTXqWDfqGLFrbEoEKwoyF6UD3qrQXu6KMk9KtYaHMmNC4Ed3R4Wr69GusAeGfFyf8CEY5yun3qgcvmNpcQoRJB",
        "slot": 279620356,
        "blockTime": 1721924284,
        "error": null
      },
      {
        "signature": "33dAP3vZjPotoiP6xtzFs5Ng8X7ndfky3NQvjPhje3L7TipqVSPS5HkRz8kT6rFYnppFgyn4R6bRBexFaWqWdzkP",
        "slot": 279620356,
        "blockTime": 1721924284,
        "error": null
      },
      {
        "signature": "33VDhYnakGPkcufoUPgX1wMSSf8Z3dmBVJ5hQbzTz4siXmLA32A5zHzrnbfRo8xcCTCow6X8yYLebvDseK3cXHp5",
        "slot": 279620356,
        "blockTime": 1721924284,
        "error": null
      },
      {
        "signature": "336vDq5Z1jq58nVjrXMn65K4nNR7qdP34VUeH28s5uTMshbiRR38iKgF5Ad7ExpTNfE8VQ8KH6gFovV6r3ota47j",
        "slot": 279620356,
        "blockTime": 1721924284,
        "error": null
      },
      {
        "signature": "32xHYwTArey7s5up6zty3gm6hJZxng6Aj8dRBcxvnNH8s2JDVWfe8UvAB86mywyZzFtPWMsWpS7mYZWW5eQhnjE6",
        "slot": 279620356,
        "blockTime": 1721924284,
        "error": null
      },
      {
        "signature": "2znPqFF1nBRBQ6V3zpiXmeFfEDTcQx3hr71zem2CgJyWe1peucd3PXc9vZn5izC98JWZctx8Y6WPwAY18iXKV4MQ",
        "slot": 279620356,
        "blockTime": 1721924284,
        "error": null
      },
      {
        "signature": "2zWRGd2GEBa5PfkR8qsMFW5dAPB7wF2M6C2BAu19maxGMRzrzZzQqEJib5LDAsFbbLSRCTo48kbZZpHbT7uSHoiz",
        "slot": 279620356,
        "blockTime": 1721924284,
        "error": null
      },
      {
        "signature": "2ww1vSH1WsS6kkqcXcT9wd9PitjiuMmkumtfSa3QeVijrbTpbVL5V8p1PEWeTY4DkSYtCa9fEn7hCcqFheAMyRSS",
        "slot": 279620356,
        "blockTime": 1721924284,
        "error": null
      },
      {
        "signature": "2v4tsZCCthsy5Pwz5jeAe6zaDBs6u56NNopN8u4Go5piD6ePGpHa8qZzTccGzDzLviA6DeNu8zCzGkJGK7F7HT6Y",
        "slot": 279620356,
        "blockTime": 1721924284,
        "error": null
      },
      {
        "signature": "2tsUnWebYKELLExoy7qqiCR8E6c14WRur3aZGqXuHWRB6sHyGCLzhXBd2hmA9DjrZDKpEfHK4UpvKTAJp5V1njAG",
        "slot": 279620356,
        "blockTime": 1721924284,
        "error": null
      },
      {
        "signature": "2tki5JDyHFWLR9mgZ4eKfDGYqBw6SkAjKvEzrktEYzBoa1zAspqHeoTjQbhQkN1RAb237wMNXesWENNPgYx6pe7p",
        "slot": 279620356,
        "blockTime": 1721924284,
        "error": null
      },
      {
        "signature": "2sTmdcyagCsNRXTjPA7FoPScQNs2tMxqr8QHxCq8csJnCjuUvi5qXf8dzEn6A2QdU8TfT2QKQhxF3CVaMGVQmZky",
        "slot": 279620356,
        "blockTime": 1721924284,
        "error": null
      },
      {
        "signature": "2rm5xFaeYnEw8tC8b35V9wckhXgr7HrBQ5yZq6pirRV7mCCjhLshsS9WWYQCD9sq6Th2JKypZNDSBaJViPb8axin",
        "slot": 279620356,
        "blockTime": 1721924284,
        "error": null
      },
      {
        "signature": "2rii5WgWf751mS3jNdJuxXFpobvTZDdvYfLpdiX5Dka81yg28XDs77EjKQu6JAFJVc3h4mrQcEevrZujEqrhLjGV",
        "slot": 279620356,
        "blockTime": 1721924284,
        "error": null
      },
      {
        "signature": "2pGSub3GhJaggWg5KLtUC3RQB9PpsrJgmMqTbQ4HGSFQPeaNhDvUUw3iTP2JdGrH3VWybGaXL3nnYA9CLK9ucu12",
        "slot": 279620356,
        "blockTime": 1721924284,
        "error": null
      },
      {
        "signature": "2p1M1D9HpXaFTqZnuSF4qhizCmr76bUc7BTPigim2mSdft7jMWS5ThvoxKHJocP9vo91RrTyLfwmZBV84iraSGRf",
        "slot": 279620356,
        "blockTime": 1721924284,
        "error": null
      },
      {
        "signature": "2okpYZvmNtzD82XrsTeSxmRHfWMrp1isteVNgj7cmBi6nBvo9r47F6r5FXeZ6uCEx6ucByuQpBcpb7Tbi18EbuMo",
        "slot": 279620356,
        "blockTime": 1721924284,
        "error": null
      },
      {
        "signature": "2oTNNHmZHvQkSsoRaNvGnzJhEeqTv2QA6p6L84QgpiHzAPEJAK18VCifDfZvUamfs77fSF7NGv6TjTUkP59qMUh8",
        "slot": 279620356,
        "blockTime": 1721924284,
        "error": null
      },
      {
        "signature": "2nz8m5F59VRyRBexcjL4J3Tc7uMQNNqjBwY7qHF3JgGkjrMdZArFxyj4gRxEnxsyPCz4GPJci1BBWmizaXNbJDVH",
        "slot": 279620356,
        "blockTime": 1721924284,
        "error": null
      },
      {
        "signature": "2nH3DeYY5P2Y5U61F36uUgAUBpsJiKR7kXc95E1mqRsXUyQSqSSgpK2idZEPKBX9pERg6YZSVLMMrbfCfVp7EVde",
        "slot": 279620356,
        "blockTime": 1721924284,
        "error": null
      },
      {
        "signature": "2msM5X9o2DBY2USS2nmapyZNDhgCQHRuq5TTe32rMuoAEPf1WjD4KGMeg8nLxAXKHqn4irH8id9Uu5aKwnLaLtas",
        "slot": 279620356,
        "blockTime": 1721924284,
        "error": null
      },
      {
        "signature": "2mRJNh6ERtk355JotknkzVwBzEeBHywcFoyk1mH9u5aE1kPR4tSDA9VppFQ527mktfMUpy1mz5YLwgNqcLLfAuu2",
        "slot": 279620356,
        "blockTime": 1721924284,
        "error": null
      },
      {
        "signature": "2mGbg8VfKaackrqVt9qBA9gUr7999vQPNaDTauZtjUUZoYtpciAgM1i6GigBYAy5JhcgTuCZzj4AYozTsSSTfTTK",
        "slot": 279620356,
        "blockTime": 1721924284,
        "error": null
      },
      {
        "signature": "2kzTUrDQgxMedR5bdPCi8vuypYqyJB3qHoSzbD1j4AajQz1AJiRXDcDcs1pqEznPEB2zFQdkuzdLWpb26uP452NN",
        "slot": 279620356,
        "blockTime": 1721924284,
        "error": null
      },
      {
        "signature": "2kTtkfQkJJAVBmJ8HC3bcTsbDbxZTjB46y2hmpm49rcGe2EzDmZWm1wrKLErznbJnHpjEZukWxkC66DzHSxUobyE",
        "slot": 279620356,
        "blockTime": 1721924284,
        "error": null
      },
      {
        "signature": "2jZWYkLr9AmryN7tpySvP5xxpqUvMmFn13FgTKbaJbBkRp9P5m8dxESLNiocF7AC5X2ht8dotk6zdJAsJEHR4W27",
        "slot": 279620356,
        "blockTime": 1721924284,
        "error": null
      },
      {
        "signature": "2jJMCQmfo3wsmM7QGzxVvYbt1Ca1pWRggkkCUGfavUdq4SMP8CUaChynqjiBx1wyD28kNJPYpDdP4VrBQ5615nGD",
        "slot": 279620356,
        "blockTime": 1721924284,
        "error": null
      },
      {
        "signature": "2gGVyBkW6RLWNaAtspseNiD2w7v2jAWxP8ZvrPPPptUW3jVF3B8D171bVFt7Vt7maQGqewvxA3qn5kwrCztjnvL6",
        "slot": 279620356,
        "blockTime": 1721924284,
        "error": null
      },
      {
        "signature": "2fHqqwrLN4G93aDJep512FnXzFwFnkfgyHcaCv3oicQmyfCjLzHbyrv32847x8xBWiPsPrz8RytyPnUgqA8G8j7P",
        "slot": 279620356,
        "blockTime": 1721924284,
        "error": null
      },
      {
        "signature": "2fA5niqeJpZUvrxR6ZYTnG33FKZ7D5XqZpjqpArCxLFprfKdgxoZjecrHCRA5ZqEQnGQXTgcWU4jSLk4bhsxNKaA",
        "slot": 279620356,
        "blockTime": 1721924284,
        "error": null
      },
      {
        "signature": "2ekrHJXj8UapxxaKn5yaT4konapnkBdMLDzK3qA3CUQ4ipgPA6p8FKC8MorfKK7wjehfAWxm4PZNiQcDE4mgkwoS",
        "slot": 279620356,
        "blockTime": 1721924284,
        "error": null
      },
      {
        "signature": "2d4R8MvmAc5z3o3pmnMVDEGS6158ejedrwcxLDY32wL4sttxyz1mEJkbqQwPN2TJDzR2E4Smw8zFPt8v9BCTcuKr",
        "slot": 279620356,
        "blockTime": 1721924284,
        "error": null
      },
      {
        "signature": "2cF36JKFKf88JDXKDFwzYx686xEeoeW2VF4Gj9kchtqj3Wzrz62qNE8pAcxArN9Xg9SnrAGuGbk9JHRjiS8gzoPY",
        "slot": 279620356,
        "blockTime": 1721924284,
        "error": null
      },
      {
        "signature": "2WoERSWkjpZSqQkMpni2ZVNA4FTR2tF5Q9sZEzdiwGbsP4HHTFdBWvvVQfjTtDcZHjbiKhwDbeVtH3Cza83UkyrY",
        "slot": 279620356,
        "blockTime": 1721924284,
        "error": null
      },
      {
        "signature": "2WfWc7s23WRQq7hmwNjHfAxu63yZ9Kpa1sEUqFNy9ExqrNX63FgigsmmypRmh4jDkRezi3dqTQvFsYZJDnzK7qZQ",
        "slot": 279620356,
        "blockTime": 1721924284,
        "error": null
      },
      {
        "signature": "2WSxdN3eQb2gYXYeU8PfDj79e2D5FDchQQGjja736se5ZoXFSK8iehSSQxD4ffJG2GDgy3VbeaDmuxUp5dEDM1Td",
        "slot": 279620356,
        "blockTime": 1721924284,
        "error": null
      },
      {
        "signature": "2VPmhuRDUtuUraM4uxouivNcLTZYkC9wxtWxuQWjgKqyDSVhoqgkEDtbszzYKG1B9J6XG2QQjPa27BWUdZrPbcfr",
        "slot": 279620356,
        "blockTime": 1721924284,
        "error": null
      },
      {
        "signature": "2VMU8JeSw6633DFCTfNBzSF17DCfCoMUKKpKVkiUUmyaAihaPYUzJH9Bcf9gBRJkecvA2qB6MgeCwqXE7BRimFKD",
        "slot": 279620356,
        "blockTime": 1721924284,
        "error": null
      },
      {
        "signature": "2V1ydVshJk2PxxZpFEpCLf5Q94JVob3kDPpCa9VwjJo2zkuyido9pvgPHhHaNyRUnLXjhUUZY2zqzfjgVVpnADfd",
        "slot": 279620356,
        "blockTime": 1721924284,
        "error": null
      },
      {
        "signature": "2U1BVry81t9uFjWQ7AaB2MTx4xMe73yAZLhwpnVZVCXAFGdkxnooA6Awpa2pUv4ZT61KX1e4uutGjvfChjvxFKrf",
        "slot": 279620356,
        "blockTime": 1721924284,
        "error": null
      },
      {
        "signature": "2SMA41VDxKdQ9vmjEnJjNfakS4NF6n8gwPF6Vfd1k26vvnGKXNVQD1giKbLZJjhSJfsapWoFgWLjCTNPLK3nec6i",
        "slot": 279620356,
        "blockTime": 1721924284,
        "error": null
      },
      {
        "signature": "2QNnzYAS7B3oiphjs93xD7s4XJbdb8fxUhcVKYU699GaXxMjDL54tyQwFGeMDratQj6ATyRYxxXaiVy6D4Ntitny",
        "slot": 279620356,
        "blockTime": 1721924284,
        "error": null
      },
      {
        "signature": "2P65z4uDZQq3tc9ZTDXUjuC3N2fqy4zQytPsgCzkGwp9BfNJsRNY4JGZy1JVJM3SRshjykdkbR5WdieVaXPstfDc",
        "slot": 279620356,
        "blockTime": 1721924284,
        "error": null
      },
      {
        "signature": "2NhBCvbs4pfV3DfJGz7QUAKau9B9RHtTnM9EZnh7zx46dhbtH6ekn3TdEBf7kqanHchnpS4cE2GPDaJXk6BQA5xo",
        "slot": 279620356,
        "blockTime": 1721924284,
        "error": null
      },
      {
        "signature": "2Nfokc3U5zAimpNiY2QMgXt1WazugjBx3k2jLbUT1o2sQTWNKy4MsY9jreNMM1UbjPJ9o1nmcWSrcDW2dxPCsgsy",
        "slot": 279620356,
        "blockTime": 1721924284,
        "error": null
      },
      {
        "signature": "2M4V4hwSCNpJQPozzqj2JFo1fyWCS9a3JCLcavRG3LHKC8FSTqiHZ769tK9qDENU8XKSpMXdxd7sVRzjfMmo2oXv",
        "slot": 279620356,
        "blockTime": 1721924284,
        "error": null
      },
      {
        "signature": "2Lz8ie4Aot5jhq1ZBXoomSQizWBcqdJmAng7YbVxvbHy9kY6MJghdJ87isoz2fVDmWiTxegNLB7XkSSfaQnk77ms",
        "slot": 279620356,
        "blockTime": 1721924284,
        "error": null
      },
      {
        "signature": "2LRGKMnAN8zvEo7KDRmgLQTwNi1W3sDTrzts4RsMfwaZjm2mFUrpkqZGHCw9N9VjnyLZjWt7jYGRYTyRJbS7khjf",
        "slot": 279620356,
        "blockTime": 1721924284,
        "error": null
      },
      {
        "signature": "2Kd8DYJbo6njXfGPNtdgxUeN52dQQWu12Nv47ty3MR1Lq5WgSoLCEaUYsgqtyLvCAFFusX7JVCLD87JmCpyUDJ9A",
        "slot": 279620356,
        "blockTime": 1721924284,
        "error": null
      },
      {
        "signature": "2KFmAhAxmKmEhUwejjQZHApnrim8BFkcx59b5svwbTpoHFRYGFUTuwbVs3cKJVb6iHbzEWxty1um2gQeDG4DGbRS",
        "slot": 279620356,
        "blockTime": 1721924284,
        "error": null
      },
      {
        "signature": "2KFYXBoD5aNy821jjaMid2M1AuPqoHDYAMcRdNgS7GZzd7a2w2z8xpDgFpEeT1uLfiHF89kTXqLHDqkiCZjdFoFw",
        "slot": 279620356,
        "blockTime": 1721924284,
        "error": null
      },
      {
        "signature": "2JrpN3Dqpjmrc5qnFP8454Td8nUjzvxRvktMiPEwnYbERRHEBqWeySokQj3VTAKFoguiGctCpVmJcEcKRbM56VJt",
        "slot": 279620356,
        "blockTime": 1721924284,
        "error": null
      },
      {
        "signature": "2J642aJwnsY3XKuySxhZUEAtg1ky8ekN9y3hVCUEVwCc56iM2e2iZw83ZvazrsFRUNyU4DSWXwUAzAwkzQyqP7si",
        "slot": 279620356,
        "blockTime": 1721924284,
        "error": null
      },
      {
        "signature": "2FwxDyV2s7pcBaVayLLb2ji9JVEwRojViVbGe1CkVJGWFWMCiJfUjPRknJV4u2tbVvgLfNpmP39niQi8sLCjymye",
        "slot": 279620356,
        "blockTime": 1721924284,
        "error": null
      },
      {
        "signature": "2FpB4UvxdJupEshe91vxhAECZDKw4gzWL5Gx6GmFfcX5KuLzftVkz5qGMusY2p9pxSBvnnK8MgxT1CdqXyMq3V29",
        "slot": 279620356,
        "blockTime": 1721924284,
        "error": null
      },
      {
        "signature": "2F26GNe9UCaMdeT11un44xXPQj1Y4A38ukgxFiGZ83rvpa8kUoKyE5tJ2tnTyTsEG8AmePtz7FjVY4heJqrSRxye",
        "slot": 279620356,
        "blockTime": 1721924284,
        "error": null
      },
      {
        "signature": "2DE771jDiYrtTgD77Dh431dc1tHcAD4ksJvBCFrzQZ3KUvnQHB6u2YHhKDgi5sctZ6taFGFEk1CAyxQG1V52moYQ",
        "slot": 279620356,
        "blockTime": 1721924284,
        "error": null
      },
      {
        "signature": "2B1poa6GXEFmmE4NareU7A5Df9XsEK2aFPozYWYmJzMdRr3aGrYfmHWQZqFapZEZt28SFVBERavzsWXfPgSi7DeV",
        "slot": 279620356,
        "blockTime": 1721924284,
        "error": null
      },
      {
        "signature": "28XmHSfxwm7jiq3s1rub4BZ3cA9zuKDQKNoxzA2CzaS8tEZiiuFoGwPRFUn3TSKbh3Bh7LEiimMEYRDpNddxjymm",
        "slot": 279620356,
        "blockTime": 1721924284,
        "error": null
      },
      {
        "signature": "28S8PhgJeFAR6tB6rzsUfgcoStXwPmHQDbyzKPug5APqC8RrxvP7rxsZqa379ugdaoYo1Kt7BnWxdWkF737etY69",
        "slot": 279620356,
        "blockTime": 1721924284,
        "error": null
      },
      {
        "signature": "2854vhRGxBuY1aVNtrUBKtGffKFT6HrZp3zwAmcSFhjzrkjwF9om2B3GLf5ZeaXneKqU8Jyx89KEhwFxDfyXoyop",
        "slot": 279620356,
        "blockTime": 1721924284,
        "error": null
      },
      {
        "signature": "27uQ7TU5tGqehzPVBTWwekHfZqG6R8W7ncxJ2gpezfYvjyzAnweCqXfPf1DGn8rKxEXKAs9Ac416FaZGP8nwjStg",
        "slot": 279620356,
        "blockTime": 1721924284,
        "error": null
      },
      {
        "signature": "27d1NGXykiz8yJaQMCPMqRyKvb6WAqoZsQp8T3QYFEAbBNCQc8mGADCmAh84iyimca4HwdzNfXcufoosvwtUz92q",
        "slot": 279620356,
        "blockTime": 1721924284,
        "error": null
      },
      {
        "signature": "27GYMMMhteGtThbmaGrpjLEQUd76B33axZ1J2XZqZVhp4EshS77QQuVNf47DDDAHAeCT93G7vTgax2jT6GVQQcZT",
        "slot": 279620356,
        "blockTime": 1721924284,
        "error": null
      },
      {
        "signature": "26oof8bgRFNMgLiYxLN37hFo1d2LxqvZfMwDZgsuvaCjDMXjfoNkNwjKJvb3yzNiYz79VMkLHaGXR7ZNRmdqYRQV",
        "slot": 279620356,
        "blockTime": 1721924284,
        "error": null
      },
      {
        "signature": "25MqX8Uo5ynd9RFsnbavekeAMquRnm7xSmzW8y5sjG1jW84DrWui5NHUMAvAEXwTuk4LeKnir24ced2bs7cTYLGS",
        "slot": 279620356,
        "blockTime": 1721924284,
        "error": null
      },
      {
        "signature": "21z5mjXj3esXkQMbf2d5agiXHBidYNZbfUhfukSxs9kteuR16xvhZv1trZXxxqf8B5sAj1sFTLHUkv44jC32HVjA",
        "slot": 279620356,
        "blockTime": 1721924284,
        "error": null
      },
      {
        "signature": "zdVy3h9rxfiXyThtPN3ZX5Be1fzPyoEFMYqc5GpeosKV4cYz6iKCE87v3reegzZH9YuWH5RRK6pMnqntPhTUNw5",
        "slot": 279620356,
        "blockTime": 1721924284,
        "error": null
      },
      {
        "signature": "yeRS59AHz8bWDQUsZE4rY47iwrdpiojBHSKQpoTQ97DKkpf4qqSrVprgP5pPVqqkFz9NfkLhso64tjFLTGnEd4P",
        "slot": 279620356,
        "blockTime": 1721924284,
        "error": null
      },
      {
        "signature": "wbbuBUzxmc5oX9Kwr9UJR1eTagq1Dq6kDWrtrbWnTzFM4QpMLCrXar6Rjdh3Eu5i76GLK2AbKyCqTSX3FouRHoW",
        "slot": 279620356,
        "blockTime": 1721924284,
        "error": null
      },
      {
        "signature": "wZz1nsXTZqJzxsA8VXK85jjyyaDq4sAMhrdapDH2m47ZNonTD7nnU9Vgk1mNzvKGLVgWKJWiSJKujVNJu8P1A7p",
        "slot": 279620356,
        "blockTime": 1721924284,
        "error": null
      },
      {
        "signature": "vTb6s4xXX68MMwUVNKEuj3qL1sQ1n87r1trFryFqVmaawooNbJsSQ9gDwCNqofQ1pwWv2WbunUL4s5s44BsdAj7",
        "slot": 279620356,
        "blockTime": 1721924284,
        "error": null
      },
      {
        "signature": "u3vPnGBEgC1S1m7jrF3rm9Y33f4BXkFg1ZtkFzMkWtxQAkwnCaycmQj1SjuparsKPiFfH3JPJT9vxACVH8KPAbW",
        "slot": 279620356,
        "blockTime": 1721924284,
        "error": null
      },
      {
        "signature": "thYfXCNTLSrkRCkUu9quX6hS5tBrRLhGUY7BPiZan9MkPeJHmdvVTsCFuMYjiDfcsTNWPYQRaupVz1Y2gh58DWg",
        "slot": 279620356,
        "blockTime": 1721924284,
        "error": null
      },
      {
        "signature": "ss37haczH1KqYJVMiN3XKwN2gKv5hznExzHhenXcHM19Kgu3fpuPHtnQALw3fB36gnFc25jQQER2KpSf2SouNd9",
        "slot": 279620356,
        "blockTime": 1721924284,
        "error": null
      },
      {
        "signature": "sKuk2GrJ7eRAsUHxMKbL2rPub6ySqGENBh382jTtGSWJFUEAfiEMix3toRy8UWUhqwLKu5T4tJFSbXjJQ5wRYDL",
        "slot": 279620356,
        "blockTime": 1721924284,
        "error": null
      },
      {
        "signature": "qj3VDUxu9jAfkNAsT3PXZmhNooKC94kGtgXu8XRp3HoGZKMxTiVWnxM3VccmaJTrAom77JVspXabcdc3gsZtCeZ",
        "slot": 279620356,
        "blockTime": 1721924284,
        "error": null
      },
      {
        "signature": "qNKxLyqrhjuimxDGkJyruY3ToVcCS3jM8Y9RNPfdZQQoh4Hf3XWNbsUTxFrcuwoJnRwk9gL2YTkbWhEbDUTrfVq",
        "slot": 279620356,
        "blockTime": 1721924284,
        "error": null
      },
      {
        "signature": "q245oPeH4QM7dokdPuMQPNDSEd5V5sLuQVCNGCoWPkRBTNn4txHBeSrfEQTrGDUBn5LC5JZ3TxghpxQ2kEYo92m",
        "slot": 279620356,
        "blockTime": 1721924284,
        "error": null
      },
      {
        "signature": "q1RHrKRm4ACf1QjewgGtQgoSmNGhNNbSP6jkxvCpyq5e7NZLdYkzVY6gwZMt1wiWKRa9d5XcGi1Ajo72VZ4Sx8S",
        "slot": 279620356,
        "blockTime": 1721924284,
        "error": null
      },
      {
        "signature": "oeLswyfLygMAyWZgMMYiBucFpJNpTZh6pBhz7anEWG7mwue1ywS5gcWTMpy69X1hEZvWvrBj6j3JpupdQMaQj1q",
        "slot": 279620356,
        "blockTime": 1721924284,
        "error": null
      },
      {
        "signature": "kWtZw75aSaWd2so9B3v1JVdzuEDHu8d3rtAweWzVL32tZfr8ey2QGHhm31RRzS5xV8FvpVjtj58RfSivnmEbi9P",
        "slot": 279620356,
        "blockTime": 1721924284,
        "error": null
      },
      {
        "signature": "hqfpa8mjuy7TDcqTWXWGFzvHa46nr4tJFpGyKFNFaYceysudasw45bq35wjdrW4qtDvQBsGRshjChnhWvKePpWP",
        "slot": 279620356,
        "blockTime": 1721924284,
        "error": null
      },
      {
        "signature": "gf2DM6ZAsoeWYYDb1XmLmSSrn6EBGehJcdmoda97xz7qRrTQ4FriuzW4KMN2f4PsDpH4mSBCaJwFikqMMapacQq",
        "slot": 279620356,
        "blockTime": 1721924284,
        "error": null
      },
      {
        "signature": "gCyeJh2zGJpmfjAQpGU25WKrteXfa7Ux75Ybq1zhuCbZxRU3cd8dnkUmQKfdQPffc8jqQBZKPJ7bqXX6K8WrhoZ",
        "slot": 279620356,
        "blockTime": 1721924284,
        "error": null
      },
      {
        "signature": "dPsMbQAZjQagfvT5pHibYupLZpZJttwoAuqyuTYT9rsJ8aeJNT1T7BpsdE1522xvAydCV9N3sEZBUGn1wEQMBii",
        "slot": 279620356,
        "blockTime": 1721924284,
        "error": null
      },
      {
        "signature": "dJ6p3B9Tc4zhYsxH12n4wdqeQgMQxJLoXCAvNfrvDJpwtCo27xd2BPDYu4YHeAevVuHCPNgzB6x397h8FFV2ss7",
        "slot": 279620356,
        "blockTime": 1721924284,
        "error": null
      },
      {
        "signature": "aj7cSwFM4pjTfjj29WMsHfJZtt9c5JQWo5xhMrwyqzPbSntasT9iNxUbBoFQTLP8cxgwVg3YBwa3VdFdcJPAAGu",
        "slot": 279620356,
        "blockTime": 1721924284,
        "error": null
      },
      {
        "signature": "aK1Qzt2BMnwTFM19WVgKFsnRhHK7sMRRyJorsXJxz4zMhDBuruensJt5vA9SDJeJF9bD5z9YMHThmoKjMMtdvUY",
        "slot": 279620356,
        "blockTime": 1721924284,
        "error": null
      },
      {
        "signature": "ZNYUycKnvSV32DRffQKk6ogJyF6n5fnoofe9X6Ff6JxqHbWu6AV9uW64WL25Q7pM38DBAPVFxWuxnMKNU4jRDyd",
        "slot": 279620356,
        "blockTime": 1721924284,
        "error": null
      },
      {
        "signature": "YJk4LNCQtFBr4Z2oLzmAJrsoxBptMz8nxMt1VVKUN3Ps58vZsFmS5v2Cd2Uhmrb1c78kZSdzFrSMfkovo8SCUt8",
        "slot": 279620356,
        "blockTime": 1721924284,
        "error": null
      },
      {
        "signature": "XUXULc1keCCpP4FXnCYmGot6rJkF3aKh4w8T4gq46De12GQgu8GRFmBLooEbvtZKsQFh6nLDbMaqsoSyLTUarwA",
        "slot": 279620356,
        "blockTime": 1721924284,
        "error": null
      },
      {
        "signature": "VCjxk25YSAxnqF35VgFTzf3vbcmztVRgiThdNJus6xb44QGtPm52diNvdFaYnCxy4b1LRB1Q7eFhKqD6ZZH3LGa",
        "slot": 279620356,
        "blockTime": 1721924284,
        "error": null
      },
      {
        "signature": "RkhiwBnwWQeiDNn2yBh9zyCj3T4XxM5bNmH2WuARkoanZgzsAkcneTwMUKhJEBJPVMx6dEQMs5RVX6x84svLLRf",
        "slot": 279620356,
        "blockTime": 1721924284,
        "error": null
      },
      {
        "signature": "RPj8WF4o3e2hWJ6FZnQ4stgryybMh2RVGLL4HWJm45EzpYjtLaAwHypLHyYYthEKYN96CnEEyNbFsDxVbRc5aPS",
        "slot": 279620356,
        "blockTime": 1721924284,
        "error": null
      },
      {
        "signature": "R8mZLoQrJbGCCNSfNwT1Hzs6CqDcAgH8ZazY5dhdgmXm8keSapMupgkVWcu3271emP4oDnBeb82Yv1tVzLJ6hsb",
        "slot": 279620356,
        "blockTime": 1721924284,
        "error": null
      },
      {
        "signature": "QrbM4W98gvASjmrab7YJK7914apiCh7cSkdZiMVtVZfdDdmHFJy7W2nJ6VMpzHLjX8SFxdUUHGgWLYrAse4TdGm",
        "slot": 279620356,
        "blockTime": 1721924284,
        "error": null
      },
      {
        "signature": "P2v5peSx34AQoFuX9Fin56ER78moo8sN3jgfxtg5b7ULMKcKwsZXEEoxE9ouFsiDopAzs9pza1E1vTEsRdegTRD",
        "slot": 279620356,
        "blockTime": 1721924284,
        "error": null
      },
      {
        "signature": "P2fjMPQty6n4eiBdUkJyFwBAqPchrRw5zvEQfXx4Q4R1x8YUnA2jahQ6wkLP5Nz5Gx1SqBiUJTynCVwncmwBRcA",
        "slot": 279620356,
        "blockTime": 1721924284,
        "error": null
      },
      {
        "signature": "MtaeepxsXVoa5P1wvz1bnrozX5LKBiUWLL7FDY2ok8QFeYsMijaQL3EBJcNc8NZHUnd65UYzVKeX2tbrxku8jfB",
        "slot": 279620356,
        "blockTime": 1721924284,
        "error": null
      },
      {
        "signature": "MatxgTo9VPwP9krfYrVEfqbw6bsjtZEVMdn3VTC5aj2JSMnYpfATumWu24bA2uL4jETwYJWAUbJS8e9HnXGZmNf",
        "slot": 279620356,
        "blockTime": 1721924284,
        "error": null
      },
      {
        "signature": "M3N8QBdBGkTG3Ts9CtWHefQvaRNXmoTde8ZEahhotNohriZF3CKoZidMxDR5zXgpV96BF9FguzjwaefVRTcKbTV",
        "slot": 279620356,
        "blockTime": 1721924284,
        "error": null
      },
      {
        "signature": "LueduUyvxSDtFjFMbTF7tES1Lp5377iPs5wRUacGSFo7ivFNDfNGxthz4iSca2sQ2vh9F9qEmdgiSmSDcSVa1HS",
        "slot": 279620356,
        "blockTime": 1721924284,
        "error": null
      },
      {
        "signature": "LmkfrPPxf9jGQqQ8VmgjnPw5xayRbWknwDZvPfV5QjoLnejmAtaekK1LhqvAUz5idJpyJjwCVgvNSSgQ67eYnTd",
        "slot": 279620356,
        "blockTime": 1721924284,
        "error": null
      },
      {
        "signature": "L34jJkf5HT23CRAhkJk5RwJyhiCUfj4QGk2sMRmoiu89DT5LuD6DWg2BNSjzrXT8pm79uUPpB7tJ33pse2DNyFH",
        "slot": 279620356,
        "blockTime": 1721924284,
        "error": null
      },
      {
        "signature": "KyYDZBvBT1LJ2oQfB4q8mSqMcJvRYD1Wsv1PDqMeK6TbFtrJDM8XSJkEP5qfnT37e7ZF7e1zaxQDzN2ydTNmzGu",
        "slot": 279620356,
        "blockTime": 1721924284,
        "error": null
      },
      {
        "signature": "KJaz1ZiN6KcCUBaz3eWvyzFPFKq1GRLc4kEp2LuaHUkzNBrqm1Sbg2bXpePd1DL9Cz4X9jRkXKzvBNmdydaWiU7",
        "slot": 279620356,
        "blockTime": 1721924284,
        "error": null
      },
      {
        "signature": "HPAabv4PAWiAUtNCozbo2wn9oAGCg4gieLfWJYdR1HBMNeGeWdZaQTvoiqKsvDCi42wHnghuymZ3ngSNiR84cG8",
        "slot": 279620356,
        "blockTime": 1721924284,
        "error": null
      },
      {
        "signature": "Dj74foR8w2h55Nh86t9ZsCRXJpe8gxmUbQhxjELmSmccfYGy44z7o8X3juJauJTJNgXn7yvjmPmYwvtksHUGekA",
        "slot": 279620356,
        "blockTime": 1721924284,
        "error": null
      },
      {
        "signature": "B4LZLXiKE7cAk3sGe9V5JZTgf4QoJB9EXnw5awUibMMLEjqbzSmXav5kEYYMnSqQuW4L6paHm3Zi3pEamRHKHZu",
        "slot": 279620356,
        "blockTime": 1721924284,
        "error": null
      },
      {
        "signature": "AGXtWwFFG1EhNSnz8PmjdBbbLBxwA2CSR4tVVMXFN5QnBZ62FKPmSoSFkTJUNgrAsS815jtkfbUXdUXhhJMJ6Hg",
        "slot": 279620356,
        "blockTime": 1721924284,
        "error": null
      },
      {
        "signature": "AG9j3xWEcDxWPzPThrv74ta4H3tXngfn67UTUsyhBQH1z5DjwWxZ8sZJHqYzd6i14omoriCRVEEMCACVSCfdH3u",
        "slot": 279620356,
        "blockTime": 1721924284,
        "error": null
      },
      {
        "signature": "A6Q9xQXX2kaiGS53TEMbSQc9ErsdQqTmggnBDyEp3c8KiESQ2XqvRETu26qXBfp52ZqAzuFcuaPKvw2Ns5G8Tpw",
        "slot": 279620356,
        "blockTime": 1721924284,
        "error": null
      },
      {
        "signature": "9wwnP5U7zg6WcrBZ7hCnUMMkfk8qG9Xben6ziW6JWApHSg3AhTBFUcBRLVs8ufhybsdgDLur6YPVxo67TLgjPep",
        "slot": 279620356,
        "blockTime": 1721924284,
        "error": null
      },
      {
        "signature": "9PEmgrq96xJ2wihYU4T7UGM5s61ot2Xm4e3Dj7CiKWPwSACpt4ACjgzgGRL8rfp4BjDxfaZfZo9TNh9ZBphGCpa",
        "slot": 279620356,
        "blockTime": 1721924284,
        "error": null
      },
      {
        "signature": "8eHaRffYy8KRX5iVZPRd8iiwhVJgSx1qZvmiwZZar2CRRXAvkraXZ1c4sZAbpSbW6pNALFrmhyYC9e12UnTzHuK",
        "slot": 279620356,
        "blockTime": 1721924284,
        "error": null
      },
      {
        "signature": "8GJACppjsy2azrNXhk6mdHgDWtQLJuGJLUszEfNRkaEKKii8zAVkPKmaH37Frcnbuow1uSnb46UDYb2QWXSw1RN",
        "slot": 279620356,
        "blockTime": 1721924284,
        "error": null
      },
      {
        "signature": "7Hn5JY4pkiRvPGXSWY4sc1rYZav1JmhrskYxHeLFuf8uVSGGuKZGvYp6Knyx6owQto5AtHjAHZhEpdsbB3YbHWr",
        "slot": 279620356,
        "blockTime": 1721924284,
        "error": null
      },
      {
        "signature": "6FEvRP2Nq97TXGqQwxRMeT1seokVEnQ6WN5XNKERaifmRioJa8P1Vusatbti2MMLtF6ssDMq3tR7rW6wKhZ1rfF",
        "slot": 279620356,
        "blockTime": 1721924284,
        "error": null
      },
      {
        "signature": "62vccPL1GrMvNUnqKHETqTgA1xyueaGD9QpsgnmbsTpSxjZWrfZYXWB1meodh8WG9iFzFZDvm7iyx1ZWWKWRVj8",
        "slot": 279620356,
        "blockTime": 1721924284,
        "error": null
      },
      {
        "signature": "5ceDzfobnJx9ynocE5NiargK3YZFMzazFuz9BhhdLth4E7KSz487QSLmthSCGqCpt2NB64uKNiKbYgpSGr1rJhG",
        "slot": 279620356,
        "blockTime": 1721924284,
        "error": null
      },
      {
        "signature": "4zs5AvxBUnEjiMDmpVEqY1i6urFqXUdyGFASoHj14YD475gfRh4R3XUH1b88DHLzxL27Qhft1WndPJdepLQrFpy",
        "slot": 279620356,
        "blockTime": 1721924284,
        "error": null
      },
      {
        "signature": "47sBTaP8dTibHLsu4y6ETsEECq3VbEK5NmVfE3uCZwMFmcFTELVQ1bVrrCHkqvFtMynhPGfWqu2ndnmBKppEUZj",
        "slot": 279620356,
        "blockTime": 1721924284,
        "error": null
      },
      {
        "signature": "314h1KektA32VNxRJci9e3nBWkFPGTnfBJbMPManVx2vtoTQMxJsuMikysrv6fFn48t6vkLuziugrYc4giDMxGb",
        "slot": 279620356,
        "blockTime": 1721924284,
        "error": null
      },
      {
        "signature": "2Hy6pK5PQd2Q2gSGAkMFuks9ZQ4ydUTKvHoUFH9CawcueNopKy6Zc4TcKtnzQcuBv897wdEZYxpG4AU86WjUoNW",
        "slot": 279620356,
        "blockTime": 1721924284,
        "error": null
      },
      {
        "signature": "1aVjBWEhnDYWirQWmGDJHAYF5xGatWBMGvSTvuneyDy23Lu4JmPKvgb6HWdEaKXunnWTiN2ivnFcSxwSrV2118T",
        "slot": 279620356,
        "blockTime": 1721924284,
        "error": null
      }
    ]
  }
}
