---
source: tests/integration_tests/e2e_tests.rs
expression: signatures
---
[
  {
    "signature": "62LLe2o1pSdcmos5NH2A1L7LAXU6FnRRHRJ224ZcN1kT5bWuiEYf3DgyS2DxytSm7RkDN6f24n1XCZJudZKQT6MC",
    "slot": 0,
    "blockTime": 0
  },
  {
    "signature": "3H2R6UT3Pw9ejNmYTphb27jNoRdXmuLXjjxDaSs87uyuq25YJZtLQgACG9ANsvzfZN1s9d6UPZMabAYYsMoZ6GsG",
    "slot": 0,
    "blockTime": 0
  },
  {
    "signature": "2FrvajC55EwHptaGyuBTjBUm4XkE2c5KHo6AVez2qy8jXbH1m7gRUXaEVh9NJjBkpugU6QPHweQHkdiq6NP2eu2f",
    "slot": 0,
    "blockTime": 0
  }
]
