---
source: tests/integration_tests/e2e_tests.rs
expression: accounts
---
{
  "context": {
    "slot": 0
  },
  "value": {
    "items": [
      {
        "account": {
          "hash": "JsiSYnfKzmaxKvU8vhqsM6PiuPEFVVVwAsNcPUtDo64",
          "address": null,
          "data": {
            "discriminator": 2,
            "data": "mZ+QWZx25QI8+mR2PO/K59UvYAZyEm5LTp8RQyc3Tgizn5x1igWDRQ8GV4TnasAbxo+GF63laN1NEE4fJJzOXWQAAAAAAAAAAAA=",
            "dataHash": "39M1yYviEYm5FLVKZepwkKgsqMWRU6emaRzXBRV2fRUw"
          },
          "owner": "HXVfQ44ATEi9WBKLSCCwM54KokdkzqXci9xCQ7ST9SYN",
          "lamports": 0,
          "tree": "5bdFnXU47QjzGpzHfXnxcEi5WXyxzEAZzd1vrE39bf1W",
          "leafIndex": 3,
          "seq": 4,
          "slotCreated": 0
        },
        "tokenData": {
          "mint": "BLgVpQXRRmUGBMztr3M8mRkrNEtjBGbnrTrfBPLv2QJT",
          "owner": "D6B941apqSHVU5TV2n7JevkpAVQ4sdhiT6g1fNoEMfYG",
          "amount": 100,
          "delegate": null,
          "state": "initialized",
          "tlv": null
        }
      },
      {
        "account": {
          "hash": "2hXgiYUBfsVEreTuq8PKumwE1dUkkeACw4HVf9ZZoi1H",
          "address": null,
          "data": {
            "discriminator": 2,
            "data": "mZ+QWZx25QI8+mR2PO/K59UvYAZyEm5LTp8RQyc3Tgizn5x1igWDRQ8GV4TnasAbxo+GF63laN1NEE4fJJzOXQUAAAAAAAAAAAA=",
            "dataHash": "2bsXN5efScCLjuTBbZVLhfYN9j93iyxRmKt5xy37vX59"
          },
          "owner": "HXVfQ44ATEi9WBKLSCCwM54KokdkzqXci9xCQ7ST9SYN",
          "lamports": 0,
          "tree": "5bdFnXU47QjzGpzHfXnxcEi5WXyxzEAZzd1vrE39bf1W",
          "leafIndex": 6,
          "seq": 7,
          "slotCreated": 0
        },
        "tokenData": {
          "mint": "BLgVpQXRRmUGBMztr3M8mRkrNEtjBGbnrTrfBPLv2QJT",
          "owner": "D6B941apqSHVU5TV2n7JevkpAVQ4sdhiT6g1fNoEMfYG",
          "amount": 5,
          "delegate": null,
          "state": "initialized",
          "tlv": null
        }
      }
    ],
    "cursor": null
  }
}
