---
source: tests/integration_tests/e2e_tests.rs
expression: signatures
---
{
  "context": {
    "slot": 0
  },
  "value": {
    "items": [
      {
        "signature": "4iXfgDbgAEQU8hcto67feZsNHxFGm3JKKo97zDgnT84VAUTTjiSCEyi1ZSMFdiybS5XmRHy3nW1qDtKkTPEBpsV9",
        "slot": 0,
        "blockTime": "1970-01-01T00:00:00Z"
      }
    ]
  }
}
