---
source: tests/integration_tests/e2e_tests.rs
expression: accounts
---
{
  "context": {
    "slot": 0
  },
  "value": {
    "items": [
      {
        "account": {
          "hash": "2uSjtTXvYYb544CrvmDsTJ98M8qdw8SFmZ5muEHnZET9",
          "address": null,
          "data": {
            "discriminator": 2,
            "data": "mZ+QWZx25QI8+mR2PO/K59UvYAZyEm5LTp8RQyc3TghvA4wFBYfy+S6vuRGYhZoKRfM2I0qyJs/Bx0oqjwUjgLcCAAAAAAAAAAA=",
            "dataHash": "3j3Jh9Y9YRVGBT54pHS4wHo9BFwtDqWKNBEUDSQxhKGd"
          },
          "owner": "HXVfQ44ATEi9WBKLSCCwM54KokdkzqXci9xCQ7ST9SYN",
          "lamports": 0,
          "tree": "5bdFnXU47QjzGpzHfXnxcEi5WXyxzEAZzd1vrE39bf1W",
          "leafIndex": 5,
          "seq": 6,
          "slotCreated": 0
        },
        "tokenData": {
          "mint": "BLgVpQXRRmUGBMztr3M8mRkrNEtjBGbnrTrfBPLv2QJT",
          "owner": "8UMPheZvcShkq7DwPpJN5NusYDKTwfx9FVTyZXnVLSaj",
          "amount": 695,
          "delegate": null,
          "state": "initialized",
          "tlv": null
        }
      },
      {
        "account": {
          "hash": "3a6Rs5JJ66YWEHuYm4KQuhbHAFnUszWiL8kgzV4MHFZW",
          "address": null,
          "data": {
            "discriminator": 2,
            "data": "mZ+QWZx25QI8+mR2PO/K59UvYAZyEm5LTp8RQyc3TghvA4wFBYfy+S6vuRGYhZoKRfM2I0qyJs/Bx0oqjwUjgMgAAAAAAAAAAAA=",
            "dataHash": "3yVUqfTXdEbx45RFgswxpKBEwqBtKK8qRUcs7XEvYVbm"
          },
          "owner": "HXVfQ44ATEi9WBKLSCCwM54KokdkzqXci9xCQ7ST9SYN",
          "lamports": 0,
          "tree": "5bdFnXU47QjzGpzHfXnxcEi5WXyxzEAZzd1vrE39bf1W",
          "leafIndex": 4,
          "seq": 5,
          "slotCreated": 0
        },
        "tokenData": {
          "mint": "BLgVpQXRRmUGBMztr3M8mRkrNEtjBGbnrTrfBPLv2QJT",
          "owner": "8UMPheZvcShkq7DwPpJN5NusYDKTwfx9FVTyZXnVLSaj",
          "amount": 200,
          "delegate": null,
          "state": "initialized",
          "tlv": null
        }
      }
    ],
    "cursor": null
  }
}
