---
source: tests/integration_tests/e2e_tests.rs
expression: signatures
---
[
  {
    "signature": "5oTNJvc5WWJacEdpZLimVjGu1uGkXoMth8dNKaAymVKA7arwhccxeJPRWDuYEvQHNkGnkRNJcwUbtV4KnwebCKj5",
    "slot": 0,
    "blockTime": 0
  },
  {
    "signature": "5UZuijpSnqBpgMpqnggxZ58bzZ8aJtqqVjtvzx2Pg2C58jXph1rdrXyHdTxJfsHawNJyr8syU4U1MEYccDUQeTSV",
    "slot": 0,
    "blockTime": 0
  },
  {
    "signature": "2J9pSeLvXnyawUPKdks98ZibQWU8v38AEhmZp9g9P3WzY9dJSMQ3RmoUaGN1zVCF3tTQy6q2YbD94jq8uzSZsay7",
    "slot": 0,
    "blockTime": 0
  }
]
