---
source: tests/integration_tests/e2e_tests.rs
expression: parsed_transaction
---
{
  "transaction": {
    "slot": 49,
    "transaction": [
      "AgUKQihtTZWZGmGWiYv78tmuWpdJmnW/1Mq34Uqxdb0Rakla6WzbAJf/g7ltMZlGXTpWe3CKrCqoAmsolm2ONg2YuOmGKfk24oUGXAnT2EI0kdfvBAG6BJpCqZ2FdGYmV45rThx2cJW27XqthSSBxGWqf03rhA+SIDtXQAWRytUFgAIABw8kLGQ+6Iwf7uEIqNsCjagXArFo+NH2UKjCk64tdPOEshV4deG5/mugiPdwPhKLIaMSkhwzEpz7HE15ahY4YDonh8MHW63e4U666ihKEhD3GpftXMGV8dOZ+77LxkAjnP2MPYJYn30IvtEquXDZjggzQ/gVaG7D41+PZ/5CnuHMsjA7DDsEeblDT0JGv7Oxb+P2I816cDSXo5I0Tqmmf6qpDpNDIZ551u6iXE8btewjsfOdab9iDneAZd45Q3AiMOvX+tyc6TNGVUQ5YZdj5K3xeuq9mxhHkZBRPQgxmJRMP0RNfSBMgD20Ac9FLHl2mRGzt3Mio39m1gFXr7FfMUFFAwZGb+UhFzL/7K26csOb57yM5bvF9xJrLEObOkAAAACD2/n23cQhA3IXeesS5UeYJ1ep0I9lK4D1OxaGtud0IQbd9uHXZaGT2cvhRs7reawctIXtX1s3kTqM9YV+/wCpUWwytQBJW8Xd12pFBWuS/CX8e68+yKjmbwbZR2y6uFMLvA/Au0fKL3TEES6UqxPPo8Y05dwX6ssDzRojzX54fEFsPbA0deqFxq9Dqwwvj74oVYWL+D/gZzHfQIpcGaAdAAAAAAAAAAAAAAAAAAAAAAAAAAAAAAAAAAAAAAAAAACcRafUTqyf4f/6ju0u0jTbGa4ERv1f0nJ4XmkIDkv2jwIIAAUCQEIPAAkOAAECAwQKCwUMBg0HCQ458SIwuiWze8ABAAAA2Gav5IkTfsfBLD3Y1hW9jTG/ujMqsfMS4VirB6eq1d4BAAAA6AMAAAAAAAD+AA==",
      "base64"
    ],
    "meta": {
      "err": null,
      "status": {
        "Ok": null
      },
      "fee": 10000,
      "preBalances": [
        995022520,
        0,
        1461600,
        1461600,
        2039280,
        1169280,
        0,
        9496836480,
        1,
        1141440,
        929020800,
        1141440,
        1141440,
        1141440,
        1
      ],
      "postBalances": [
        995012339,
        0,
        1461600,
        1461600,
        2039280,
        1169280,
        0,
        9496836661,
        1,
        1141440,
        929020800,
        1141440,
        1141440,
        1141440,
        1
      ],
      "innerInstructions": [
        {
          "index": 1,
          "instructions": [
            {
              "programIdIndex": 10,
              "accounts": [
                3,
                4,
                2
              ],
              "data": "6qYT3cRnoTxb",
              "stackHeight": 2
            },
            {
              "programIdIndex": 11,
              "accounts": [
                0,
                2,
                5,
                12,
                6,
                13,
                9,
                11,
                11,
                14,
                11,
                7
              ],
              "data": "27PfrFhUSyiyvinrqPBXUjHhyhh5QMfcTcBWmHqSMR2MECXvVW5f96fKVmwvcLFbnbEaK5wbQuQWjuhiyW82qZehrGLs1JoRQiEZZy6XLWCwMkpoLAjLf3XBvyLLgseoVLxiNXbCVDTPwcjq3TqjTAYds12YmEUkq9THDKCqJ5Ff59rB7ZwUutqgTDFqUj1EeRChwDY8VtEbgk5xCcE69jM9QRyXGD1cLhdTeqDWNkJbxYJrbYE4J58WM6X84icDBn3jfkv8qt9FjofvRcDG6wEdtfatY4NoSkZ8Mxpf5gpxpj7KSLJb2AjwDTfCpg82Pg1nAswoWLmS5jLiwsffqat145JgFCCYKngp7EMwqr3Y2f3pQvMHPy3qEKNemw3oh9vMDs4RRLLPbnRisc4UN4fAJzWiB",
              "stackHeight": 2
            },
            {
              "programIdIndex": 13,
              "accounts": [
                0,
                6,
                5,
                12,
                14,
                7
              ],
              "data": "5wPdbtbk7M4b3JSHrvyWGACYaAtroo8rw3fxoiwAnQkjsgFSxeHTbeng4cWPDC",
              "stackHeight": 3
            },
            {
              "programIdIndex": 14,
              "accounts": [
                0,
                7
              ],
              "data": "3Bxs4X8azzfoWTGB",
              "stackHeight": 4
            },
            {
              "programIdIndex": 12,
              "accounts": [],
              "data": "11112HwuWu87baXVakyQ5D2oxf365hygMrqdF6HJK3KqiHjqPw2Q3b2nzA5BcNac4stEeGucWqtWGbfc4ckNXWPQnBnui39p15yGuFC98VTC8xdgL7WyiHPwyza8MuoQ8SJBF1TXmmpSG1cdFDEcYHbpPwC4P3x8MQcg5Vr4mbUrTgoLahHTWP1d9mtVQSgG9JjSSGypryVy4cXXTjWib6zdRjucCWR4DHvwFm8JYHnScLeofos9BeUHCzzsPbRqgcTvWL6ezRWKg5Uaa845dvYMQYfBgVcNatMPqDhEuWNsDohtAC1zdyC138wfPMZxZyuB1HmPcsRuKgJWcv1t799DNarae37Ry6VKu5jGgaLswXeXd7GGo7goZGYerk6RRBU5D8XS4AjxDi9n82oM7ZDW1gMKCjgj",
              "stackHeight": 3
            }
          ]
        }
      ],
      "logMessages": [
        "Program ComputeBudget111111111111111111111111111111 invoke [1]",
        "Program ComputeBudget111111111111111111111111111111 success",
        "Program 9sixVEthz2kMSKfeApZXHwuboT6DZuT6crAYJTciUCqE invoke [1]",
        "Program log: Instruction: MintTo",
        "Program TokenkegQfeZyiNwAJbNbGKPFXCWuBvf9Ss623VQ5DA invoke [2]",
        "Program log: Instruction: MintTo",
        "Program TokenkegQfeZyiNwAJbNbGKPFXCWuBvf9Ss623VQ5DA consumed 4492 of 983986 compute units",
        "Program TokenkegQfeZyiNwAJbNbGKPFXCWuBvf9Ss623VQ5DA success",
        "Program 6UqiSPd2mRCTTwkzhcs1M6DGYsqHWd5jiPueX3LwDMXQ invoke [2]",
        "Program log: Instruction: InvokeCpi",
        "Program 5QPEJ5zDsVou9FQS3KCauKswM3VwBEBu4dpL9xTqkWwN invoke [3]",
        "Program log: Instruction: AppendLeavesToMerkleTrees",
        "Program 11111111111111111111111111111111 invoke [4]",
        "Program 11111111111111111111111111111111 success",
        "Program 5QPEJ5zDsVou9FQS3KCauKswM3VwBEBu4dpL9xTqkWwN consumed 47368 of 936925 compute units",
        "Program 5QPEJ5zDsVou9FQS3KCauKswM3VwBEBu4dpL9xTqkWwN success",
        "Program noopb9bkMVfRPU8AsbpTUg8AQkHtKwMYZiFUjNRtMmV invoke [3]",
        "Program noopb9bkMVfRPU8AsbpTUg8AQkHtKwMYZiFUjNRtMmV consumed 38 of 886818 compute units",
        "Program noopb9bkMVfRPU8AsbpTUg8AQkHtKwMYZiFUjNRtMmV success",
        "Program 6UqiSPd2mRCTTwkzhcs1M6DGYsqHWd5jiPueX3LwDMXQ consumed 78508 of 964711 compute units",
        "Program 6UqiSPd2mRCTTwkzhcs1M6DGYsqHWd5jiPueX3LwDMXQ success",
        "Program 9sixVEthz2kMSKfeApZXHwuboT6DZuT6crAYJTciUCqE consumed 114424 of 999850 compute units",
        "Program 9sixVEthz2kMSKfeApZXHwuboT6DZuT6crAYJTciUCqE success"
      ],
      "preTokenBalances": [
        {
          "accountIndex": 4,
          "mint": "ASSUedcjSyZyqs9D7BZdePMr56zNtjUmE2V5HM1Ho5Xf",
          "uiTokenAmount": {
            "uiAmount": null,
            "decimals": 2,
            "amount": "0",
            "uiAmountString": "0"
          },
          "owner": "z88EeQ81Khfq5CHpSq347RVEuZERqGWW7MkTjAdxdrM",
          "programId": "TokenkegQfeZyiNwAJbNbGKPFXCWuBvf9Ss623VQ5DA"
        }
      ],
      "postTokenBalances": [
        {
          "accountIndex": 4,
          "mint": "ASSUedcjSyZyqs9D7BZdePMr56zNtjUmE2V5HM1Ho5Xf",
          "uiTokenAmount": {
            "uiAmount": 10.0,
            "decimals": 2,
            "amount": "1000",
            "uiAmountString": "10"
          },
          "owner": "z88EeQ81Khfq5CHpSq347RVEuZERqGWW7MkTjAdxdrM",
          "programId": "TokenkegQfeZyiNwAJbNbGKPFXCWuBvf9Ss623VQ5DA"
        }
      ],
      "rewards": [],
      "loadedAddresses": {
        "writable": [],
        "readonly": []
      },
      "computeUnitsConsumed": 114574
    },
    "version": 0,
    "blockTime": 1717014877
  },
  "compression_info": {
    "closed_accounts": [],
    "opened_accounts": [
      {
        "account": {
          "hash": "prTmrtGfJ64KZ8qpkUKAGvCLc7dAG5aTWe6pyfBJJWv",
          "address": null,
          "data": {
            "discriminator": 2,
            "data": "jD2CWJ99CL7RKrlw2Y4IM0P4FWhuw+Nfj2f+Qp7hzLLYZq/kiRN+x8EsPdjWFb2NMb+6Myqx8xLhWKsHp6rV3ugDAAAAAAAAAAAAAAAAAAAAAAA=",
            "dataHash": "3RWTquAoeBkdkbdRTxyLFWK5zLUX6NChXxXMT5kPVHso"
          },
          "owner": "9sixVEthz2kMSKfeApZXHwuboT6DZuT6crAYJTciUCqE",
          "lamports": 0,
          "tree": "5bdFnXU47QjzGpzHfXnxcEi5WXyxzEAZzd1vrE39bf1W",
          "leafIndex": 0,
          "seq": 1,
          "slotCreated": 49
        },
        "optional_token_data": {
          "mint": "ASSUedcjSyZyqs9D7BZdePMr56zNtjUmE2V5HM1Ho5Xf",
          "owner": "FZjt2HLk9cgbmFDkhZ3G2XwQ7WjKWrJdVxcoaoxfBPZw",
          "amount": 1000,
          "delegate": null,
          "state": "initialized",
          "isNative": null,
          "delegatedAmount": 0
        }
      }
    ]
  }
}
