---
source: tests/integration_tests/e2e_tests.rs
expression: validity_proof
---
{
  "compressedProof": {
    "a": [],
    "b": [],
    "c": []
  },
  "roots": [
    "2RpEaUx4k6akcTTtfSVoZh1fpaK98qZKJiv9fbzTqFyD",
    "2RpEaUx4k6akcTTtfSVoZh1fpaK98qZKJiv9fbzTqFyD"
  ],
  "rootIndices": [
    7,
    7
  ],
  "leafIndices": [
    5,
    4
  ],
  "leaves": [
    "W5VPCs9Qd6VfXn8e3PteewnfPQ789vH6B3CBQcAdHHu",
    "2GcLLSm4yrbHSiy2ZS7y9ZLGVKqnrSA4XBfvn1hVJ4gm"
  ],
  "merkleTrees": [
    "5bdFnXU47QjzGpzHfXnxcEi5WXyxzEAZzd1vrE39bf1W",
    "5bdFnXU47QjzGpzHfXnxcEi5WXyxzEAZzd1vrE39bf1W"
  ]
}
