---
source: tests/integration_tests/e2e_tests.rs
expression: validity_proof
---
{
  "value": {
    "compressedProof": {
      "a": [],
      "b": [],
      "c": []
    },
    "roots": [
      "jQKhAHpGbSTJLimk3bGSX7KLi7CsX6nkosS9YeCFfVs",
      "jQKhAHpGbSTJLimk3bGSX7KLi7CsX6nkosS9YeCFfVs"
    ],
    "rootIndices": [
      7,
      7
    ],
    "leafIndices": [
      3,
      6
    ],
    "leaves": [
      "JsiSYnfKzmaxKvU8vhqsM6PiuPEFVVVwAsNcPUtDo64",
      "2hXgiYUBfsVEreTuq8PKumwE1dUkkeACw4HVf9ZZoi1H"
    ],
    "merkleTrees": [
      "5bdFnXU47QjzGpzHfXnxcEi5WXyxzEAZzd1vrE39bf1W",
      "5bdFnXU47QjzGpzHfXnxcEi5WXyxzEAZzd1vrE39bf1W"
    ]
  },
  "context": {
    "slot": 0
  }
}
