---
source: tests/integration_tests/e2e_tests.rs
expression: validity_proof
---
{
  "compressedProof": {
    "a": [],
    "b": [],
    "c": []
  },
  "roots": [
    "2z8QTsjDzaEFmSnDoVnLSJFTXm6gui7QLVM9ZNFavc9j",
    "2z8QTsjDzaEFmSnDoVnLSJFTXm6gui7QLVM9ZNFavc9j"
  ],
  "rootIndices": [
    7,
    7
  ],
  "leafIndices": [
    4,
    5
  ],
  "leaves": [
    "kpa4KjVWgSViv7fnvgBCVkxwbRSqmA7hCaTDpULuaFr",
    "2gNZn5NQKLkLsBMriRTuhAix8pe3FWhg3AX8AXfHzyfY"
  ],
  "merkleTrees": [
    "5bdFnXU47QjzGpzHfXnxcEi5WXyxzEAZzd1vrE39bf1W",
    "5bdFnXU47QjzGpzHfXnxcEi5WXyxzEAZzd1vrE39bf1W"
  ]
}
