---
source: tests/integration_tests/e2e_tests.rs
expression: validity_proof
---
{
  "compressedProof": {
    "a": [],
    "b": [],
    "c": []
  },
  "roots": [
    "3oRqVRbtWXAU7E8FdMuX3c3Ax7dgzqTYugMmZe7tiMRg",
    "3oRqVRbtWXAU7E8FdMuX3c3Ax7dgzqTYugMmZe7tiMRg"
  ],
  "rootIndices": [
    5,
    5
  ],
  "leafIndices": [
    2,
    4
  ],
  "leaves": [
    "2sByWJuyr82oxWtMTn2aSY3wjD6BtkgjwK2ajUfBhnEf",
    "33vJDxqQW9uK4vjKvgWDN9L5SQ1sT23n1HDm76RvdnsC"
  ],
  "merkleTrees": [
    "5bdFnXU47QjzGpzHfXnxcEi5WXyxzEAZzd1vrE39bf1W",
    "5bdFnXU47QjzGpzHfXnxcEi5WXyxzEAZzd1vrE39bf1W"
  ]
}
