---
source: tests/integration_tests/e2e_tests.rs
expression: signatures
---
[
  {
    "signature": "61nLwpJcf143PhYz9AVqeUv9ePNWNW9TAWkrDoMynhSAh3TPsmprMW2cDhjJakrZa8APmNPFLYsrx5CEgZdVgYpm",
    "slot": 0,
    "blockTime": 0
  },
  {
    "signature": "27pxT3ndnCXhbUXdT2k6riDw7Y22xnRjVRmUHseXpFi7mTziNiEegxFAmgNBoYPKtQrx7N66tCCcGwFKt4RniqXA",
    "slot": 0,
    "blockTime": 0
  },
  {
    "signature": "G6ZcxS2HkHh521JjHXvxkpuYC2qu2fa3cdGZvKF9NVAM3oPEBZ8tNa4ghVXVo9uc4UzWPwXGAFrGqg8TdeYoTPW",
    "slot": 0,
    "blockTime": 0
  }
]
